Archive member included to satisfy reference by file (symbol)

/Applications/STM32CubeIDE.app/Contents/Eclipse/plugins/com.st.stm32cube.ide.mcu.externaltools.gnu-tools-for-stm32.10.3-2021.10.macos64_1.0.100.202210260954/tools/bin/../lib/gcc/arm-none-eabi/10.3.1/../../../../arm-none-eabi/lib/thumb/v7-m/nofp/libc_nano.a(lib_a-errno.o)
                              ./Core/Src/syscalls.o (__errno)
/Applications/STM32CubeIDE.app/Contents/Eclipse/plugins/com.st.stm32cube.ide.mcu.externaltools.gnu-tools-for-stm32.10.3-2021.10.macos64_1.0.100.202210260954/tools/bin/../lib/gcc/arm-none-eabi/10.3.1/../../../../arm-none-eabi/lib/thumb/v7-m/nofp/libc_nano.a(lib_a-exit.o)
                              /Applications/STM32CubeIDE.app/Contents/Eclipse/plugins/com.st.stm32cube.ide.mcu.externaltools.gnu-tools-for-stm32.10.3-2021.10.macos64_1.0.100.202210260954/tools/bin/../lib/gcc/arm-none-eabi/10.3.1/../../../../arm-none-eabi/lib/thumb/v7-m/nofp/crt0.o (exit)
/Applications/STM32CubeIDE.app/Contents/Eclipse/plugins/com.st.stm32cube.ide.mcu.externaltools.gnu-tools-for-stm32.10.3-2021.10.macos64_1.0.100.202210260954/tools/bin/../lib/gcc/arm-none-eabi/10.3.1/../../../../arm-none-eabi/lib/thumb/v7-m/nofp/libc_nano.a(lib_a-impure.o)
                              /Applications/STM32CubeIDE.app/Contents/Eclipse/plugins/com.st.stm32cube.ide.mcu.externaltools.gnu-tools-for-stm32.10.3-2021.10.macos64_1.0.100.202210260954/tools/bin/../lib/gcc/arm-none-eabi/10.3.1/../../../../arm-none-eabi/lib/thumb/v7-m/nofp/libc_nano.a(lib_a-exit.o) (_global_impure_ptr)
/Applications/STM32CubeIDE.app/Contents/Eclipse/plugins/com.st.stm32cube.ide.mcu.externaltools.gnu-tools-for-stm32.10.3-2021.10.macos64_1.0.100.202210260954/tools/bin/../lib/gcc/arm-none-eabi/10.3.1/../../../../arm-none-eabi/lib/thumb/v7-m/nofp/libc_nano.a(lib_a-init.o)
                              /Applications/STM32CubeIDE.app/Contents/Eclipse/plugins/com.st.stm32cube.ide.mcu.externaltools.gnu-tools-for-stm32.10.3-2021.10.macos64_1.0.100.202210260954/tools/bin/../lib/gcc/arm-none-eabi/10.3.1/../../../../arm-none-eabi/lib/thumb/v7-m/nofp/crt0.o (__libc_init_array)
/Applications/STM32CubeIDE.app/Contents/Eclipse/plugins/com.st.stm32cube.ide.mcu.externaltools.gnu-tools-for-stm32.10.3-2021.10.macos64_1.0.100.202210260954/tools/bin/../lib/gcc/arm-none-eabi/10.3.1/../../../../arm-none-eabi/lib/thumb/v7-m/nofp/libc_nano.a(lib_a-memset.o)
                              /Applications/STM32CubeIDE.app/Contents/Eclipse/plugins/com.st.stm32cube.ide.mcu.externaltools.gnu-tools-for-stm32.10.3-2021.10.macos64_1.0.100.202210260954/tools/bin/../lib/gcc/arm-none-eabi/10.3.1/../../../../arm-none-eabi/lib/thumb/v7-m/nofp/crt0.o (memset)
/Applications/STM32CubeIDE.app/Contents/Eclipse/plugins/com.st.stm32cube.ide.mcu.externaltools.gnu-tools-for-stm32.10.3-2021.10.macos64_1.0.100.202210260954/tools/bin/../lib/gcc/arm-none-eabi/10.3.1/../../../../arm-none-eabi/lib/thumb/v7-m/nofp/libm.a(lib_a-s_atan.o)
                              ./Core/Inc/mpu.o (atan)
/Applications/STM32CubeIDE.app/Contents/Eclipse/plugins/com.st.stm32cube.ide.mcu.externaltools.gnu-tools-for-stm32.10.3-2021.10.macos64_1.0.100.202210260954/tools/bin/../lib/gcc/arm-none-eabi/10.3.1/../../../../arm-none-eabi/lib/thumb/v7-m/nofp/libm.a(lib_a-s_fabs.o)
                              /Applications/STM32CubeIDE.app/Contents/Eclipse/plugins/com.st.stm32cube.ide.mcu.externaltools.gnu-tools-for-stm32.10.3-2021.10.macos64_1.0.100.202210260954/tools/bin/../lib/gcc/arm-none-eabi/10.3.1/../../../../arm-none-eabi/lib/thumb/v7-m/nofp/libm.a(lib_a-s_atan.o) (fabs)
/Applications/STM32CubeIDE.app/Contents/Eclipse/plugins/com.st.stm32cube.ide.mcu.externaltools.gnu-tools-for-stm32.10.3-2021.10.macos64_1.0.100.202210260954/tools/bin/../lib/gcc/arm-none-eabi/10.3.1/../../../../arm-none-eabi/lib/thumb/v7-m/nofp/libm.a(lib_a-w_atan2.o)
                              ./Core/Inc/mpu.o (atan2)
/Applications/STM32CubeIDE.app/Contents/Eclipse/plugins/com.st.stm32cube.ide.mcu.externaltools.gnu-tools-for-stm32.10.3-2021.10.macos64_1.0.100.202210260954/tools/bin/../lib/gcc/arm-none-eabi/10.3.1/../../../../arm-none-eabi/lib/thumb/v7-m/nofp/libm.a(lib_a-w_sqrt.o)
                              ./Core/Inc/mpu.o (sqrt)
/Applications/STM32CubeIDE.app/Contents/Eclipse/plugins/com.st.stm32cube.ide.mcu.externaltools.gnu-tools-for-stm32.10.3-2021.10.macos64_1.0.100.202210260954/tools/bin/../lib/gcc/arm-none-eabi/10.3.1/../../../../arm-none-eabi/lib/thumb/v7-m/nofp/libm.a(lib_a-e_atan2.o)
                              /Applications/STM32CubeIDE.app/Contents/Eclipse/plugins/com.st.stm32cube.ide.mcu.externaltools.gnu-tools-for-stm32.10.3-2021.10.macos64_1.0.100.202210260954/tools/bin/../lib/gcc/arm-none-eabi/10.3.1/../../../../arm-none-eabi/lib/thumb/v7-m/nofp/libm.a(lib_a-w_atan2.o) (__ieee754_atan2)
[...]
Memory Configuration

Name             Origin             Length             Attributes
RAM              0x0000000020000000 0x0000000000005000 xrw
FLASH            0x0000000008000000 0x0000000000010000 xr
*default*        0x0000000000000000 0xffffffffffffffff

Linker script and memory map

LOAD /Applications/STM32CubeIDE.app/Contents/Eclipse/plugins/com.st.stm32cube.ide.mcu.externaltools.gnu-tools-for-stm32.10.3-2021.10.macos64_1.0.100.202210260954/tools/bin/../lib/gcc/arm-none-eabi/10.3.1/thumb/v7-m/nofp/crti.o
LOAD /Applications/STM32CubeIDE.app/Contents/Eclipse/plugins/com.st.stm32cube.ide.mcu.externaltools.gnu-tools-for-stm32.10.3-2021.10.macos64_1.0.100.202210260954/tools/bin/../lib/gcc/arm-none-eabi/10.3.1/thumb/v7-m/nofp/crtbegin.o
LOAD /Applications/STM32CubeIDE.app/Contents/Eclipse/plugins/com.st.stm32cube.ide.mcu.externaltools.gnu-tools-for-stm32.10.3-2021.10.macos64_1.0.100.202210260954/tools/bin/../lib/gcc/arm-none-eabi/10.3.1/../../../../arm-none-eabi/lib/thumb/v7-m/nofp/crt0.o
LOAD ./Core/Inc/mpu.o
LOAD ./Core/Src/main.o
LOAD ./Core/Src/stm32f1xx_hal_msp.o
LOAD ./Core/Src/stm32f1xx_it.o
LOAD ./Core/Src/syscalls.o
LOAD ./Core/Src/sysmem.o
LOAD ./Core/Src/system_stm32f1xx.o
LOAD ./Core/Startup/startup_stm32f103c8tx.o
LOAD ./Drivers/STM32F1xx_HAL_Driver/Src/stm32f1xx_hal.o
LOAD ./Drivers/STM32F1xx_HAL_Driver/Src/stm32f1xx_hal_can.o
LOAD ./Drivers/STM32F1xx_HAL_Driver/Src/stm32f1xx_hal_cortex.o
LOAD ./Drivers/STM32F1xx_HAL_Driver/Src/stm32f1xx_hal_dma.o
LOAD ./Drivers/STM32F1xx_HAL_Driver/Src/stm32f1xx_hal_exti.o
LOAD ./Drivers/STM32F1xx_HAL_Driver/Src/stm32f1xx_hal_flash.o
LOAD ./Drivers/STM32F1xx_HAL_Driver/Src/stm32f1xx_hal_flash_ex.o
LOAD ./Drivers/STM32F1xx_HAL_Driver/Src/stm32f1xx_hal_gpio.o
LOAD ./Drivers/STM32F1xx_HAL_Driver/Src/stm32f1xx_hal_gpio_ex.o
LOAD ./Drivers/STM32F1xx_HAL_Driver/Src/stm32f1xx_hal_i2c.o
LOAD ./Drivers/STM32F1xx_HAL_Driver/Src/stm32f1xx_hal_pwr.o
LOAD ./Drivers/STM32F1xx_HAL_Driver/Src/stm32f1xx_hal_rcc.o
LOAD ./Drivers/STM32F1xx_HAL_Driver/Src/stm32f1xx_hal_rcc_ex.o
LOAD ./Drivers/STM32F1xx_HAL_Driver/Src/stm32f1xx_hal_tim.o
LOAD ./Drivers/STM32F1xx_HAL_Driver/Src/stm32f1xx_hal_tim_ex.o
START GROUP
LOAD /Applications/STM32CubeIDE.app/Contents/Eclipse/plugins/com.st.stm32cube.ide.mcu.externaltools.gnu-tools-for-stm32.10.3-2021.10.macos64_1.0.100.202210260954/tools/bin/../lib/gcc/arm-none-eabi/10.3.1/../../../../arm-none-eabi/lib/thumb/v7-m/nofp/libc_nano.a
LOAD /Applications/STM32CubeIDE.app/Contents/Eclipse/plugins/com.st.stm32cube.ide.mcu.externaltools.gnu-tools-for-stm32.10.3-2021.10.macos64_1.0.100.202210260954/tools/bin/../lib/gcc/arm-none-eabi/10.3.1/../../../../arm-none-eabi/lib/thumb/v7-m/nofp/libm.a
END GROUP
START GROUP
LOAD /Applications/STM32CubeIDE.app/Contents/Eclipse/plugins/com.st.stm32cube.ide.mcu.externaltools.gnu-tools-for-stm32.10.3-2021.10.macos64_1.0.100.202210260954/tools/bin/../lib/gcc/arm-none-eabi/10.3.1/thumb/v7-m/nofp/libgcc.a
LOAD /Applications/STM32CubeIDE.app/Contents/Eclipse/plugins/com.st.stm32cube.ide.mcu.externaltools.gnu-tools-for-stm32.10.3-2021.10.macos64_1.0.100.202210260954/tools/bin/../lib/gcc/arm-none-eabi/10.3.1/../../../../arm-none-eabi/lib/thumb/v7-m/nofp/libc_nano.a
END GROUP
START GROUP
LOAD /Applications/STM32CubeIDE.app/Contents/Eclipse/plugins/com.st.stm32cube.ide.mcu.externaltools.gnu-tools-for-stm32.10.3-2021.10.macos64_1.0.100.202210260954/tools/bin/../lib/gcc/arm-none-eabi/10.3.1/thumb/v7-m/nofp/libgcc.a
LOAD /Applications/STM32CubeIDE.app/Contents/Eclipse/plugins/com.st.stm32cube.ide.mcu.externaltools.gnu-tools-for-stm32.10.3-2021.10.macos64_1.0.100.202210260954/tools/bin/../lib/gcc/arm-none-eabi/10.3.1/../../../../arm-none-eabi/lib/thumb/v7-m/nofp/libc_nano.a
LOAD /Applications/STM32CubeIDE.app/Contents/Eclipse/plugins/com.st.stm32cube.ide.mcu.externaltools.gnu-tools-for-stm32.10.3-2021.10.macos64_1.0.100.202210260954/tools/bin/../lib/gcc/arm-none-eabi/10.3.1/../../../../arm-none-eabi/lib/thumb/v7-m/nofp/libnosys.a
END GROUP
START GROUP
LOAD /Applications/STM32CubeIDE.app/Contents/Eclipse/plugins/com.st.stm32cube.ide.mcu.externaltools.gnu-tools-for-stm32.10.3-2021.10.macos64_1.0.100.202210260954/tools/bin/../lib/gcc/arm-none-eabi/10.3.1/thumb/v7-m/nofp/libgcc.a
LOAD /Applications/STM32CubeIDE.app/Contents/Eclipse/plugins/com.st.stm32cube.ide.mcu.externaltools.gnu-tools-for-stm32.10.3-2021.10.macos64_1.0.100.202210260954/tools/bin/../lib/gcc/arm-none-eabi/10.3.1/../../../../arm-none-eabi/lib/thumb/v7-m/nofp/libc_nano.a
LOAD /Applications/STM32CubeIDE.app/Contents/Eclipse/plugins/com.st.stm32cube.ide.mcu.externaltools.gnu-tools-for-stm32.10.3-2021.10.macos64_1.0.100.202210260954/tools/bin/../lib/gcc/arm-none-eabi/10.3.1/../../../../arm-none-eabi/lib/thumb/v7-m/nofp/libnosys.a
END GROUP
LOAD /Applications/STM32CubeIDE.app/Contents/Eclipse/plugins/com.st.stm32cube.ide.mcu.externaltools.gnu-tools-for-stm32.10.3-2021.10.macos64_1.0.100.202210260954/tools/bin/../lib/gcc/arm-none-eabi/10.3.1/thumb/v7-m/nofp/crtend.o
LOAD /Applications/STM32CubeIDE.app/Contents/Eclipse/plugins/com.st.stm32cube.ide.mcu.externaltools.gnu-tools-for-stm32.10.3-2021.10.macos64_1.0.100.202210260954/tools/bin/../lib/gcc/arm-none-eabi/10.3.1/thumb/v7-m/nofp/crtn.o
                0x0000000020005000                _estack = (ORIGIN (RAM) + LENGTH (RAM))
                0x0000000000000200                _Min_Heap_Size = 0x200
                0x0000000000000400                _Min_Stack_Size = 0x400

.isr_vector     0x0000000008000000      0x10c
                0x0000000008000000                . = ALIGN (0x4)
 *(.isr_vector)
 .isr_vector    0x0000000008000000      0x10c ./Core/Startup/startup_stm32f103c8tx.o
                0x0000000008000000                g_pfnVectors
                0x000000000800010c                . = ALIGN (0x4)

.text           0x0000000008000110     0x7a0c
                0x0000000008000110                . = ALIGN (0x4)
 *(.text)
 .text          0x0000000008000110       0x40 /Applications/STM32CubeIDE.app/Contents/Eclipse/plugins/com.st.stm32cube.ide.mcu.externaltools.gnu-tools-for-stm32.10.3-2021.10.macos64_1.0.100.202210260954/tools/bin/../lib/gcc/arm-none-eabi/10.3.1/thumb/v7-m/nofp/crtbegin.o
 .text          0x0000000008000150      0x378 /Applications/STM32CubeIDE.app/Contents/Eclipse/plugins/com.st.stm32cube.ide.mcu.externaltools.gnu-tools-for-stm32.10.3-2021.10.macos64_1.0.100.202210260954/tools/bin/../lib/gcc/arm-none-eabi/10.3.1/thumb/v7-m/nofp/libgcc.a(_arm_addsubdf3.o)
                0x0000000008000150                __aeabi_drsub
                0x0000000008000158                __subdf3
                0x0000000008000158                __aeabi_dsub
                0x000000000800015c                __aeabi_dadd
                0x000000000800015c                __adddf3
                0x00000000080003d4                __aeabi_ui2d
                0x00000000080003d4                __floatunsidf
                0x00000000080003f4                __floatsidf
                0x00000000080003f4                __aeabi_i2d
                0x0000000008000418                __extendsfdf2
                0x0000000008000418                __aeabi_f2d
                0x000000000800045c                __aeabi_ul2d
                0x000000000800045c                __floatundidf
                0x000000000800046c                __aeabi_l2d
                0x000000000800046c                __floatdidf
 .text          0x00000000080004c8      0x424 /Applications/STM32CubeIDE.app/Contents/Eclipse/plugins/com.st.stm32cube.ide.mcu.externaltools.gnu-tools-for-stm32.10.3-2021.10.macos64_1.0.100.202210260954/tools/bin/../lib/gcc/arm-none-eabi/10.3.1/thumb/v7-m/nofp/libgcc.a(_arm_muldivdf3.o)
                0x00000000080004c8                __aeabi_dmul
                0x00000000080004c8                __muldf3
                0x000000000800071c                __aeabi_ddiv
                0x000000000800071c                __divdf3
 .text          0x00000000080008ec      0x110 /Applications/STM32CubeIDE.app/Contents/Eclipse/plugins/com.st.stm32cube.ide.mcu.externaltools.gnu-tools-for-stm32.10.3-2021.10.macos64_1.0.100.202210260954/tools/bin/../lib/gcc/arm-none-eabi/10.3.1/thumb/v7-m/nofp/libgcc.a(_arm_cmpdf2.o)
                0x00000000080008ec                __gedf2
                0x00000000080008ec                __gtdf2
                0x00000000080008f4                __ledf2
                0x00000000080008f4                __ltdf2
                0x00000000080008fc                __cmpdf2
                0x00000000080008fc                __eqdf2
                0x00000000080008fc                __nedf2
                0x0000000008000978                __aeabi_cdrcmple
                0x0000000008000988                __aeabi_cdcmple
                0x0000000008000988                __aeabi_cdcmpeq
                0x0000000008000998                __aeabi_dcmpeq
                0x00000000080009ac                __aeabi_dcmplt
                0x00000000080009c0                __aeabi_dcmple
                0x00000000080009d4                __aeabi_dcmpge
                0x00000000080009e8                __aeabi_dcmpgt
 .text          0x00000000080009fc       0x2c /Applications/STM32CubeIDE.app/Contents/Eclipse/plugins/com.st.stm32cube.ide.mcu.externaltools.gnu-tools-for-stm32.10.3-2021.10.macos64_1.0.100.202210260954/tools/bin/../lib/gcc/arm-none-eabi/10.3.1/thumb/v7-m/nofp/libgcc.a(_arm_unorddf2.o)
                0x00000000080009fc                __aeabi_dcmpun
                0x00000000080009fc                __unorddf2
 .text          0x0000000008000a28       0xa0 /Applications/STM32CubeIDE.app/Contents/Eclipse/plugins/com.st.stm32cube.ide.mcu.externaltools.gnu-tools-for-stm32.10.3-2021.10.macos64_1.0.100.202210260954/tools/bin/../lib/gcc/arm-none-eabi/10.3.1/thumb/v7-m/nofp/libgcc.a(_arm_truncdfsf2.o)
                0x0000000008000a28                __aeabi_d2f
                0x0000000008000a28                __truncdfsf2
 .text          0x0000000008000ac8      0x21c /Applications/STM32CubeIDE.app/Contents/Eclipse/plugins/com.st.stm32cube.ide.mcu.externaltools.gnu-tools-for-stm32.10.3-2021.10.macos64_1.0.100.202210260954/tools/bin/../lib/gcc/arm-none-eabi/10.3.1/thumb/v7-m/nofp/libgcc.a(_arm_addsubsf3.o)
                0x0000000008000ac8                __aeabi_frsub
                0x0000000008000ad0                __aeabi_fsub
                0x0000000008000ad0                __subsf3
                0x0000000008000ad4                __aeabi_fadd
                0x0000000008000ad4                __addsf3
                0x0000000008000c34                __aeabi_ui2f
                0x0000000008000c34                __floatunsisf
                0x0000000008000c3c                __floatsisf
                0x0000000008000c3c                __aeabi_i2f
                0x0000000008000c58                __aeabi_ul2f
                0x0000000008000c58                __floatundisf
                0x0000000008000c68                __aeabi_l2f
                0x0000000008000c68                __floatdisf
 .text          0x0000000008000ce4      0x2a0 /Applications/STM32CubeIDE.app/Contents/Eclipse/plugins/com.st.stm32cube.ide.mcu.externaltools.gnu-tools-for-stm32.10.3-2021.10.macos64_1.0.100.202210260954/tools/bin/../lib/gcc/arm-none-eabi/10.3.1/thumb/v7-m/nofp/libgcc.a(_arm_muldivsf3.o)
                0x0000000008000ce4                __mulsf3
                0x0000000008000ce4                __aeabi_fmul
                0x0000000008000e4c                __divsf3
                0x0000000008000e4c                __aeabi_fdiv
 .text          0x0000000008000f84       0x40 /Applications/STM32CubeIDE.app/Contents/Eclipse/plugins/com.st.stm32cube.ide.mcu.externaltools.gnu-tools-for-stm32.10.3-2021.10.macos64_1.0.100.202210260954/tools/bin/../lib/gcc/arm-none-eabi/10.3.1/thumb/v7-m/nofp/libgcc.a(_arm_fixunssfsi.o)
                0x0000000008000f84                __aeabi_f2uiz
                0x0000000008000f84                __fixunssfsi
 *(.text*)
 .text.MPU6050_Init
                0x0000000008000fc4       0xae ./Core/Inc/mpu.o
                0x0000000008000fc4                MPU6050_Init
 *fill*         0x0000000008001072        0x6 
 .text.MPU6050_Read_All
                0x0000000008001078      0x3bc ./Core/Inc/mpu.o
                0x0000000008001078                MPU6050_Read_All
 .text.Kalman_getAngle
                0x0000000008001434      0x2a6 ./Core/Inc/mpu.o
                0x0000000008001434                Kalman_getAngle
 *fill*         0x00000000080016da        0x6 
 .text.PID      0x00000000080016e0      0x1d0 ./Core/Src/main.o
                0x00000000080016e0                PID
 .text.micros   0x00000000080018b0       0x7c ./Core/Src/main.o
                0x00000000080018b0                micros
 .text.HAL_GPIO_EXTI_Callback
                0x000000000800192c       0x28 ./Core/Src/main.o
                0x000000000800192c                HAL_GPIO_EXTI_Callback
 *fill*         0x0000000008001954        0x4 
 .text.HAL_TIM_PeriodElapsedCallback
                0x0000000008001958       0x9c ./Core/Src/main.o
                0x0000000008001958                HAL_TIM_PeriodElapsedCallback
 .text.HAL_CAN_RxFifo0MsgPendingCallback
                0x00000000080019f4       0x3c ./Core/Src/main.o
                0x00000000080019f4                HAL_CAN_RxFifo0MsgPendingCallback
 .text.main     0x0000000008001a30       0xd4 ./Core/Src/main.o
                0x0000000008001a30                main
 .text.SystemClock_Config
                0x0000000008001b04       0x8a ./Core/Src/main.o
                0x0000000008001b04                SystemClock_Config
 *fill*         0x0000000008001b8e        0x2 
 .text.MX_CAN_Init
                0x0000000008001b90       0xa4 ./Core/Src/main.o
 .text.MX_I2C1_Init
                0x0000000008001c34       0x5c ./Core/Src/main.o
 .text.MX_TIM1_Init
                0x0000000008001c90      0x140 ./Core/Src/main.o
 .text.MX_TIM2_Init
                0x0000000008001dd0       0x9c ./Core/Src/main.o
 .text.MX_GPIO_Init
                0x0000000008001e6c      0x104 ./Core/Src/main.o
 .text.Error_Handler
                0x0000000008001f70        0xa ./Core/Src/main.o
                0x0000000008001f70                Error_Handler
 *fill*         0x0000000008001f7a        0x2 
 .text.HAL_MspInit
                0x0000000008001f7c       0x64 ./Core/Src/stm32f1xx_hal_msp.o
                0x0000000008001f7c                HAL_MspInit
 .text.HAL_CAN_MspInit
                0x0000000008001fe0       0xd8 ./Core/Src/stm32f1xx_hal_msp.o
                0x0000000008001fe0                HAL_CAN_MspInit
 .text.HAL_I2C_MspInit
                0x00000000080020b8       0x8c ./Core/Src/stm32f1xx_hal_msp.o
                0x00000000080020b8                HAL_I2C_MspInit
 .text.HAL_TIM_Base_MspInit
                0x0000000008002144       0x70 ./Core/Src/stm32f1xx_hal_msp.o
                0x0000000008002144                HAL_TIM_Base_MspInit
 .text.HAL_TIM_MspPostInit
                0x00000000080021b4       0x68 ./Core/Src/stm32f1xx_hal_msp.o
                0x00000000080021b4                HAL_TIM_MspPostInit
 .text.NMI_Handler
                0x000000000800221c        0x6 ./Core/Src/stm32f1xx_it.o
                0x000000000800221c                NMI_Handler
 .text.HardFault_Handler
                0x0000000008002222        0x6 ./Core/Src/stm32f1xx_it.o
                0x0000000008002222                HardFault_Handler
 .text.MemManage_Handler
                0x0000000008002228        0x6 ./Core/Src/stm32f1xx_it.o
                0x0000000008002228                MemManage_Handler
 .text.BusFault_Handler
                0x000000000800222e        0x6 ./Core/Src/stm32f1xx_it.o
                0x000000000800222e                BusFault_Handler
 .text.UsageFault_Handler
                0x0000000008002234        0x6 ./Core/Src/stm32f1xx_it.o
                0x0000000008002234                UsageFault_Handler
 .text.SVC_Handler
                0x000000000800223a        0xc ./Core/Src/stm32f1xx_it.o
                0x000000000800223a                SVC_Handler
 .text.DebugMon_Handler
                0x0000000008002246        0xc ./Core/Src/stm32f1xx_it.o
                0x0000000008002246                DebugMon_Handler
 .text.PendSV_Handler
                0x0000000008002252        0xc ./Core/Src/stm32f1xx_it.o
                0x0000000008002252                PendSV_Handler
 .text.SysTick_Handler
                0x000000000800225e        0xc ./Core/Src/stm32f1xx_it.o
                0x000000000800225e                SysTick_Handler
 .text.EXTI1_IRQHandler
                0x000000000800226a        0xe ./Core/Src/stm32f1xx_it.o
                0x000000000800226a                EXTI1_IRQHandler
 .text.USB_HP_CAN1_TX_IRQHandler
                0x0000000008002278       0x14 ./Core/Src/stm32f1xx_it.o
                0x0000000008002278                USB_HP_CAN1_TX_IRQHandler
 .text.USB_LP_CAN1_RX0_IRQHandler
                0x000000000800228c       0x14 ./Core/Src/stm32f1xx_it.o
                0x000000000800228c                USB_LP_CAN1_RX0_IRQHandler
 .text.CAN1_RX1_IRQHandler
                0x00000000080022a0       0x14 ./Core/Src/stm32f1xx_it.o
                0x00000000080022a0                CAN1_RX1_IRQHandler
 .text.CAN1_SCE_IRQHandler
                0x00000000080022b4       0x14 ./Core/Src/stm32f1xx_it.o
                0x00000000080022b4                CAN1_SCE_IRQHandler
 .text.TIM2_IRQHandler
                0x00000000080022c8       0x14 ./Core/Src/stm32f1xx_it.o
                0x00000000080022c8                TIM2_IRQHandler
 .text.I2C1_EV_IRQHandler
                0x00000000080022dc       0x14 ./Core/Src/stm32f1xx_it.o
                0x00000000080022dc                I2C1_EV_IRQHandler
 .text.SystemInit
                0x00000000080022f0        0xc ./Core/Src/system_stm32f1xx.o
                0x00000000080022f0                SystemInit
 .text.Reset_Handler
                0x00000000080022fc       0x48 ./Core/Startup/startup_stm32f103c8tx.o
                0x00000000080022fc                Reset_Handler
 .text.Default_Handler
                0x0000000008002344        0x2 ./Core/Startup/startup_stm32f103c8tx.o
                0x0000000008002344                USBWakeUp_IRQHandler
                0x0000000008002344                EXTI2_IRQHandler
                0x0000000008002344                TIM1_CC_IRQHandler
                0x0000000008002344                PVD_IRQHandler
                0x0000000008002344                EXTI3_IRQHandler
                0x0000000008002344                EXTI0_IRQHandler
                0x0000000008002344                I2C2_EV_IRQHandler
                0x0000000008002344                ADC1_2_IRQHandler
                0x0000000008002344                SPI1_IRQHandler
                0x0000000008002344                TAMPER_IRQHandler
                0x0000000008002344                DMA1_Channel4_IRQHandler
                0x0000000008002344                USART3_IRQHandler
                0x0000000008002344                RTC_IRQHandler
                0x0000000008002344                DMA1_Channel7_IRQHandler
                0x0000000008002344                TIM4_IRQHandler
                0x0000000008002344                DMA1_Channel6_IRQHandler
                0x0000000008002344                TIM3_IRQHandler
                0x0000000008002344                RCC_IRQHandler
                0x0000000008002344                TIM1_TRG_COM_IRQHandler
                0x0000000008002344                DMA1_Channel1_IRQHandler
                0x0000000008002344                Default_Handler
                0x0000000008002344                EXTI15_10_IRQHandler
                0x0000000008002344                EXTI9_5_IRQHandler
                0x0000000008002344                SPI2_IRQHandler
                0x0000000008002344                DMA1_Channel5_IRQHandler
                0x0000000008002344                EXTI4_IRQHandler
                0x0000000008002344                DMA1_Channel3_IRQHandler
                0x0000000008002344                TIM1_UP_IRQHandler
                0x0000000008002344                WWDG_IRQHandler
                0x0000000008002344                TIM1_BRK_IRQHandler
                0x0000000008002344                USART2_IRQHandler
                0x0000000008002344                I2C2_ER_IRQHandler
                0x0000000008002344                DMA1_Channel2_IRQHandler
                0x0000000008002344                FLASH_IRQHandler
                0x0000000008002344                USART1_IRQHandler
                0x0000000008002344                I2C1_ER_IRQHandler
                0x0000000008002344                RTC_Alarm_IRQHandler
 *fill*         0x0000000008002346        0x2 
 .text.HAL_Init
                0x0000000008002348       0x2c ./Drivers/STM32F1xx_HAL_Driver/Src/stm32f1xx_hal.o
                0x0000000008002348                HAL_Init
 .text.HAL_InitTick
                0x0000000008002374       0x60 ./Drivers/STM32F1xx_HAL_Driver/Src/stm32f1xx_hal.o
                0x0000000008002374                HAL_InitTick
 .text.HAL_IncTick
                0x00000000080023d4       0x24 ./Drivers/STM32F1xx_HAL_Driver/Src/stm32f1xx_hal.o
                0x00000000080023d4                HAL_IncTick
 .text.HAL_GetTick
                0x00000000080023f8       0x14 ./Drivers/STM32F1xx_HAL_Driver/Src/stm32f1xx_hal.o
                0x00000000080023f8                HAL_GetTick
 .text.HAL_CAN_Init
                0x000000000800240c      0x1f6 ./Drivers/STM32F1xx_HAL_Driver/Src/stm32f1xx_hal_can.o
                0x000000000800240c                HAL_CAN_Init
 .text.HAL_CAN_ConfigFilter
                0x0000000008002602      0x192 ./Drivers/STM32F1xx_HAL_Driver/Src/stm32f1xx_hal_can.o
                0x0000000008002602                HAL_CAN_ConfigFilter
 .text.HAL_CAN_Start
                0x0000000008002794       0x88 ./Drivers/STM32F1xx_HAL_Driver/Src/stm32f1xx_hal_can.o
                0x0000000008002794                HAL_CAN_Start
 .text.HAL_CAN_GetRxMessage
                0x000000000800281c      0x222 ./Drivers/STM32F1xx_HAL_Driver/Src/stm32f1xx_hal_can.o
                0x000000000800281c                HAL_CAN_GetRxMessage
 .text.HAL_CAN_ActivateNotification
                0x0000000008002a3e       0x4a ./Drivers/STM32F1xx_HAL_Driver/Src/stm32f1xx_hal_can.o
                0x0000000008002a3e                HAL_CAN_ActivateNotification
 .text.HAL_CAN_IRQHandler
                0x0000000008002a88      0x36e ./Drivers/STM32F1xx_HAL_Driver/Src/stm32f1xx_hal_can.o
                0x0000000008002a88                HAL_CAN_IRQHandler
 .text.HAL_CAN_TxMailbox0CompleteCallback
                0x0000000008002df6       0x12 ./Drivers/STM32F1xx_HAL_Driver/Src/stm32f1xx_hal_can.o
                0x0000000008002df6                HAL_CAN_TxMailbox0CompleteCallback
 .text.HAL_CAN_TxMailbox1CompleteCallback
                0x0000000008002e08       0x12 ./Drivers/STM32F1xx_HAL_Driver/Src/stm32f1xx_hal_can.o
                0x0000000008002e08                HAL_CAN_TxMailbox1CompleteCallback
 .text.HAL_CAN_TxMailbox2CompleteCallback
                0x0000000008002e1a       0x12 ./Drivers/STM32F1xx_HAL_Driver/Src/stm32f1xx_hal_can.o
                0x0000000008002e1a                HAL_CAN_TxMailbox2CompleteCallback
 .text.HAL_CAN_TxMailbox0AbortCallback
                0x0000000008002e2c       0x12 ./Drivers/STM32F1xx_HAL_Driver/Src/stm32f1xx_hal_can.o
                0x0000000008002e2c                HAL_CAN_TxMailbox0AbortCallback
 .text.HAL_CAN_TxMailbox1AbortCallback
                0x0000000008002e3e       0x12 ./Drivers/STM32F1xx_HAL_Driver/Src/stm32f1xx_hal_can.o
                0x0000000008002e3e                HAL_CAN_TxMailbox1AbortCallback
 .text.HAL_CAN_TxMailbox2AbortCallback
                0x0000000008002e50       0x12 ./Drivers/STM32F1xx_HAL_Driver/Src/stm32f1xx_hal_can.o
                0x0000000008002e50                HAL_CAN_TxMailbox2AbortCallback
 .text.HAL_CAN_RxFifo0FullCallback
                0x0000000008002e62       0x12 ./Drivers/STM32F1xx_HAL_Driver/Src/stm32f1xx_hal_can.o
                0x0000000008002e62                HAL_CAN_RxFifo0FullCallback
 .text.HAL_CAN_RxFifo1MsgPendingCallback
                0x0000000008002e74       0x12 ./Drivers/STM32F1xx_HAL_Driver/Src/stm32f1xx_hal_can.o
                0x0000000008002e74                HAL_CAN_RxFifo1MsgPendingCallback
 .text.HAL_CAN_RxFifo1FullCallback
                0x0000000008002e86       0x12 ./Drivers/STM32F1xx_HAL_Driver/Src/stm32f1xx_hal_can.o
                0x0000000008002e86                HAL_CAN_RxFifo1FullCallback
 .text.HAL_CAN_SleepCallback
                0x0000000008002e98       0x12 ./Drivers/STM32F1xx_HAL_Driver/Src/stm32f1xx_hal_can.o
                0x0000000008002e98                HAL_CAN_SleepCallback
 .text.HAL_CAN_WakeUpFromRxMsgCallback
                0x0000000008002eaa       0x12 ./Drivers/STM32F1xx_HAL_Driver/Src/stm32f1xx_hal_can.o
                0x0000000008002eaa                HAL_CAN_WakeUpFromRxMsgCallback
 .text.HAL_CAN_ErrorCallback
                0x0000000008002ebc       0x12 ./Drivers/STM32F1xx_HAL_Driver/Src/stm32f1xx_hal_can.o
                0x0000000008002ebc                HAL_CAN_ErrorCallback
 *fill*         0x0000000008002ece        0x2 
 .text.__NVIC_SetPriorityGrouping
                0x0000000008002ed0       0x48 ./Drivers/STM32F1xx_HAL_Driver/Src/stm32f1xx_hal_cortex.o
 .text.__NVIC_GetPriorityGrouping
                0x0000000008002f18       0x1c ./Drivers/STM32F1xx_HAL_Driver/Src/stm32f1xx_hal_cortex.o
 .text.__NVIC_EnableIRQ
                0x0000000008002f34       0x38 ./Drivers/STM32F1xx_HAL_Driver/Src/stm32f1xx_hal_cortex.o
 .text.__NVIC_SetPriority
                0x0000000008002f6c       0x54 ./Drivers/STM32F1xx_HAL_Driver/Src/stm32f1xx_hal_cortex.o
 .text.NVIC_EncodePriority
                0x0000000008002fc0       0x64 ./Drivers/STM32F1xx_HAL_Driver/Src/stm32f1xx_hal_cortex.o
 .text.SysTick_Config
                0x0000000008003024       0x44 ./Drivers/STM32F1xx_HAL_Driver/Src/stm32f1xx_hal_cortex.o
 .text.HAL_NVIC_SetPriorityGrouping
                0x0000000008003068       0x16 ./Drivers/STM32F1xx_HAL_Driver/Src/stm32f1xx_hal_cortex.o
                0x0000000008003068                HAL_NVIC_SetPriorityGrouping
 .text.HAL_NVIC_SetPriority
                0x000000000800307e       0x38 ./Drivers/STM32F1xx_HAL_Driver/Src/stm32f1xx_hal_cortex.o
                0x000000000800307e                HAL_NVIC_SetPriority
 .text.HAL_NVIC_EnableIRQ
                0x00000000080030b6       0x1c ./Drivers/STM32F1xx_HAL_Driver/Src/stm32f1xx_hal_cortex.o
                0x00000000080030b6                HAL_NVIC_EnableIRQ
 .text.HAL_SYSTICK_Config
                0x00000000080030d2       0x18 ./Drivers/STM32F1xx_HAL_Driver/Src/stm32f1xx_hal_cortex.o
                0x00000000080030d2                HAL_SYSTICK_Config
 *fill*         0x00000000080030ea        0x2 
 .text.HAL_DMA_Abort_IT
                0x00000000080030ec       0xec ./Drivers/STM32F1xx_HAL_Driver/Src/stm32f1xx_hal_dma.o
                0x00000000080030ec                HAL_DMA_Abort_IT
 .text.HAL_DMA_GetState
                0x00000000080031d8       0x18 ./Drivers/STM32F1xx_HAL_Driver/Src/stm32f1xx_hal_dma.o
                0x00000000080031d8                HAL_DMA_GetState
 .text.HAL_GPIO_Init
                0x00000000080031f0      0x308 ./Drivers/STM32F1xx_HAL_Driver/Src/stm32f1xx_hal_gpio.o
                0x00000000080031f0                HAL_GPIO_Init
 .text.HAL_GPIO_WritePin
                0x00000000080034f8       0x30 ./Drivers/STM32F1xx_HAL_Driver/Src/stm32f1xx_hal_gpio.o
                0x00000000080034f8                HAL_GPIO_WritePin
 .text.HAL_GPIO_EXTI_IRQHandler
                0x0000000008003528       0x30 ./Drivers/STM32F1xx_HAL_Driver/Src/stm32f1xx_hal_gpio.o
                0x0000000008003528                HAL_GPIO_EXTI_IRQHandler
 .text.HAL_I2C_Init
                0x0000000008003558      0x288 ./Drivers/STM32F1xx_HAL_Driver/Src/stm32f1xx_hal_i2c.o
                0x0000000008003558                HAL_I2C_Init
 .text.HAL_I2C_Mem_Write
                0x00000000080037e0      0x1f4 ./Drivers/STM32F1xx_HAL_Driver/Src/stm32f1xx_hal_i2c.o
                0x00000000080037e0                HAL_I2C_Mem_Write
 .text.HAL_I2C_Mem_Read
                0x00000000080039d4      0x4d0 ./Drivers/STM32F1xx_HAL_Driver/Src/stm32f1xx_hal_i2c.o
                0x00000000080039d4                HAL_I2C_Mem_Read
 .text.HAL_I2C_EV_IRQHandler
                0x0000000008003ea4      0x2e2 ./Drivers/STM32F1xx_HAL_Driver/Src/stm32f1xx_hal_i2c.o
                0x0000000008003ea4                HAL_I2C_EV_IRQHandler
 .text.HAL_I2C_MasterTxCpltCallback
                0x0000000008004186       0x12 ./Drivers/STM32F1xx_HAL_Driver/Src/stm32f1xx_hal_i2c.o
                0x0000000008004186                HAL_I2C_MasterTxCpltCallback
 .text.HAL_I2C_MasterRxCpltCallback
                0x0000000008004198       0x12 ./Drivers/STM32F1xx_HAL_Driver/Src/stm32f1xx_hal_i2c.o
                0x0000000008004198                HAL_I2C_MasterRxCpltCallback
 .text.HAL_I2C_SlaveTxCpltCallback
                0x00000000080041aa       0x12 ./Drivers/STM32F1xx_HAL_Driver/Src/stm32f1xx_hal_i2c.o
                0x00000000080041aa                HAL_I2C_SlaveTxCpltCallback
 .text.HAL_I2C_SlaveRxCpltCallback
                0x00000000080041bc       0x12 ./Drivers/STM32F1xx_HAL_Driver/Src/stm32f1xx_hal_i2c.o
                0x00000000080041bc                HAL_I2C_SlaveRxCpltCallback
 .text.HAL_I2C_AddrCallback
                0x00000000080041ce       0x1a ./Drivers/STM32F1xx_HAL_Driver/Src/stm32f1xx_hal_i2c.o
                0x00000000080041ce                HAL_I2C_AddrCallback
 .text.HAL_I2C_ListenCpltCallback
                0x00000000080041e8       0x12 ./Drivers/STM32F1xx_HAL_Driver/Src/stm32f1xx_hal_i2c.o
                0x00000000080041e8                HAL_I2C_ListenCpltCallback
 .text.HAL_I2C_MemTxCpltCallback
                0x00000000080041fa       0x12 ./Drivers/STM32F1xx_HAL_Driver/Src/stm32f1xx_hal_i2c.o
                0x00000000080041fa                HAL_I2C_MemTxCpltCallback
 .text.HAL_I2C_MemRxCpltCallback
                0x000000000800420c       0x12 ./Drivers/STM32F1xx_HAL_Driver/Src/stm32f1xx_hal_i2c.o
                0x000000000800420c                HAL_I2C_MemRxCpltCallback
 .text.HAL_I2C_ErrorCallback
                0x000000000800421e       0x12 ./Drivers/STM32F1xx_HAL_Driver/Src/stm32f1xx_hal_i2c.o
                0x000000000800421e                HAL_I2C_ErrorCallback
 .text.HAL_I2C_AbortCpltCallback
                0x0000000008004230       0x12 ./Drivers/STM32F1xx_HAL_Driver/Src/stm32f1xx_hal_i2c.o
                0x0000000008004230                HAL_I2C_AbortCpltCallback
 .text.I2C_MasterTransmit_TXE
                0x0000000008004242      0x138 ./Drivers/STM32F1xx_HAL_Driver/Src/stm32f1xx_hal_i2c.o
 .text.I2C_MasterTransmit_BTF
                0x000000000800437a       0xec ./Drivers/STM32F1xx_HAL_Driver/Src/stm32f1xx_hal_i2c.o
 .text.I2C_MemoryTransmit_TXE_BTF
                0x0000000008004466      0x128 ./Drivers/STM32F1xx_HAL_Driver/Src/stm32f1xx_hal_i2c.o
 .text.I2C_MasterReceive_RXNE
                0x000000000800458e      0x162 ./Drivers/STM32F1xx_HAL_Driver/Src/stm32f1xx_hal_i2c.o
 .text.I2C_MasterReceive_BTF
                0x00000000080046f0      0x1d4 ./Drivers/STM32F1xx_HAL_Driver/Src/stm32f1xx_hal_i2c.o
 .text.I2C_Master_SB
                0x00000000080048c4      0x10a ./Drivers/STM32F1xx_HAL_Driver/Src/stm32f1xx_hal_i2c.o
 .text.I2C_Master_ADD10
                0x00000000080049ce       0x52 ./Drivers/STM32F1xx_HAL_Driver/Src/stm32f1xx_hal_i2c.o
 .text.I2C_Master_ADDR
                0x0000000008004a20      0x336 ./Drivers/STM32F1xx_HAL_Driver/Src/stm32f1xx_hal_i2c.o
 .text.I2C_SlaveTransmit_TXE
                0x0000000008004d56       0x7a ./Drivers/STM32F1xx_HAL_Driver/Src/stm32f1xx_hal_i2c.o
 .text.I2C_SlaveTransmit_BTF
                0x0000000008004dd0       0x40 ./Drivers/STM32F1xx_HAL_Driver/Src/stm32f1xx_hal_i2c.o
 .text.I2C_SlaveReceive_RXNE
                0x0000000008004e10       0x7c ./Drivers/STM32F1xx_HAL_Driver/Src/stm32f1xx_hal_i2c.o
 .text.I2C_SlaveReceive_BTF
                0x0000000008004e8c       0x42 ./Drivers/STM32F1xx_HAL_Driver/Src/stm32f1xx_hal_i2c.o
 .text.I2C_Slave_ADDR
                0x0000000008004ece       0x94 ./Drivers/STM32F1xx_HAL_Driver/Src/stm32f1xx_hal_i2c.o
 *fill*         0x0000000008004f62        0x2 
 .text.I2C_Slave_STOPF
                0x0000000008004f64      0x260 ./Drivers/STM32F1xx_HAL_Driver/Src/stm32f1xx_hal_i2c.o
 .text.I2C_ITError
                0x00000000080051c4      0x264 ./Drivers/STM32F1xx_HAL_Driver/Src/stm32f1xx_hal_i2c.o
 .text.I2C_RequestMemoryWrite
                0x0000000008005428      0x12c ./Drivers/STM32F1xx_HAL_Driver/Src/stm32f1xx_hal_i2c.o
 .text.I2C_RequestMemoryRead
                0x0000000008005554      0x1d0 ./Drivers/STM32F1xx_HAL_Driver/Src/stm32f1xx_hal_i2c.o
 .text.I2C_DMAAbort
                0x0000000008005724      0x150 ./Drivers/STM32F1xx_HAL_Driver/Src/stm32f1xx_hal_i2c.o
 .text.I2C_WaitOnFlagUntilTimeout
                0x0000000008005874       0xae ./Drivers/STM32F1xx_HAL_Driver/Src/stm32f1xx_hal_i2c.o
 .text.I2C_WaitOnMasterAddressFlagUntilTimeout
                0x0000000008005922       0xfe ./Drivers/STM32F1xx_HAL_Driver/Src/stm32f1xx_hal_i2c.o
 .text.I2C_WaitOnTXEFlagUntilTimeout
                0x0000000008005a20       0x82 ./Drivers/STM32F1xx_HAL_Driver/Src/stm32f1xx_hal_i2c.o
 .text.I2C_WaitOnBTFFlagUntilTimeout
                0x0000000008005aa2       0x82 ./Drivers/STM32F1xx_HAL_Driver/Src/stm32f1xx_hal_i2c.o
 .text.I2C_WaitOnSTOPRequestThroughIT
                0x0000000008005b24       0x64 ./Drivers/STM32F1xx_HAL_Driver/Src/stm32f1xx_hal_i2c.o
 .text.I2C_WaitOnRXNEFlagUntilTimeout
                0x0000000008005b88       0xac ./Drivers/STM32F1xx_HAL_Driver/Src/stm32f1xx_hal_i2c.o
 .text.I2C_IsAcknowledgeFailed
                0x0000000008005c34       0x5c ./Drivers/STM32F1xx_HAL_Driver/Src/stm32f1xx_hal_i2c.o
 .text.I2C_ConvertOtherXferOptions
                0x0000000008005c90       0x34 ./Drivers/STM32F1xx_HAL_Driver/Src/stm32f1xx_hal_i2c.o
 .text.HAL_RCC_OscConfig
                0x0000000008005cc4      0x504 ./Drivers/STM32F1xx_HAL_Driver/Src/stm32f1xx_hal_rcc.o
                0x0000000008005cc4                HAL_RCC_OscConfig
 .text.HAL_RCC_ClockConfig
                0x00000000080061c8      0x1d4 ./Drivers/STM32F1xx_HAL_Driver/Src/stm32f1xx_hal_rcc.o
                0x00000000080061c8                HAL_RCC_ClockConfig
 .text.HAL_RCC_GetSysClockFreq
                0x000000000800639c       0xbc ./Drivers/STM32F1xx_HAL_Driver/Src/stm32f1xx_hal_rcc.o
                0x000000000800639c                HAL_RCC_GetSysClockFreq
 .text.HAL_RCC_GetHCLKFreq
                0x0000000008006458       0x14 ./Drivers/STM32F1xx_HAL_Driver/Src/stm32f1xx_hal_rcc.o
                0x0000000008006458                HAL_RCC_GetHCLKFreq
 .text.HAL_RCC_GetPCLK1Freq
                0x000000000800646c       0x28 ./Drivers/STM32F1xx_HAL_Driver/Src/stm32f1xx_hal_rcc.o
                0x000000000800646c                HAL_RCC_GetPCLK1Freq
 .text.RCC_Delay
                0x0000000008006494       0x3c ./Drivers/STM32F1xx_HAL_Driver/Src/stm32f1xx_hal_rcc.o
 .text.HAL_TIM_Base_Init
                0x00000000080064d0       0x9e ./Drivers/STM32F1xx_HAL_Driver/Src/stm32f1xx_hal_tim.o
                0x00000000080064d0                HAL_TIM_Base_Init
 *fill*         0x000000000800656e        0x2 
 .text.HAL_TIM_Base_Start_IT
                0x0000000008006570       0xa4 ./Drivers/STM32F1xx_HAL_Driver/Src/stm32f1xx_hal_tim.o
                0x0000000008006570                HAL_TIM_Base_Start_IT
 .text.HAL_TIM_PWM_Init
                0x0000000008006614       0x9e ./Drivers/STM32F1xx_HAL_Driver/Src/stm32f1xx_hal_tim.o
                0x0000000008006614                HAL_TIM_PWM_Init
 .text.HAL_TIM_PWM_MspInit
                0x00000000080066b2       0x12 ./Drivers/STM32F1xx_HAL_Driver/Src/stm32f1xx_hal_tim.o
                0x00000000080066b2                HAL_TIM_PWM_MspInit
 .text.HAL_TIM_PWM_Start
                0x00000000080066c4      0x144 ./Drivers/STM32F1xx_HAL_Driver/Src/stm32f1xx_hal_tim.o
                0x00000000080066c4                HAL_TIM_PWM_Start
 .text.HAL_TIM_IRQHandler
                0x0000000008006808      0x210 ./Drivers/STM32F1xx_HAL_Driver/Src/stm32f1xx_hal_tim.o
                0x0000000008006808                HAL_TIM_IRQHandler
 .text.HAL_TIM_PWM_ConfigChannel
                0x0000000008006a18      0x17c ./Drivers/STM32F1xx_HAL_Driver/Src/stm32f1xx_hal_tim.o
                0x0000000008006a18                HAL_TIM_PWM_ConfigChannel
 .text.HAL_TIM_ConfigClockSource
                0x0000000008006b94      0x188 ./Drivers/STM32F1xx_HAL_Driver/Src/stm32f1xx_hal_tim.o
                0x0000000008006b94                HAL_TIM_ConfigClockSource
 .text.HAL_TIM_OC_DelayElapsedCallback
                0x0000000008006d1c       0x12 ./Drivers/STM32F1xx_HAL_Driver/Src/stm32f1xx_hal_tim.o
                0x0000000008006d1c                HAL_TIM_OC_DelayElapsedCallback
 .text.HAL_TIM_IC_CaptureCallback
                0x0000000008006d2e       0x12 ./Drivers/STM32F1xx_HAL_Driver/Src/stm32f1xx_hal_tim.o
                0x0000000008006d2e                HAL_TIM_IC_CaptureCallback
 .text.HAL_TIM_PWM_PulseFinishedCallback
                0x0000000008006d40       0x12 ./Drivers/STM32F1xx_HAL_Driver/Src/stm32f1xx_hal_tim.o
                0x0000000008006d40                HAL_TIM_PWM_PulseFinishedCallback
 .text.HAL_TIM_TriggerCallback
                0x0000000008006d52       0x12 ./Drivers/STM32F1xx_HAL_Driver/Src/stm32f1xx_hal_tim.o
                0x0000000008006d52                HAL_TIM_TriggerCallback
 .text.TIM_Base_SetConfig
                0x0000000008006d64       0xc4 ./Drivers/STM32F1xx_HAL_Driver/Src/stm32f1xx_hal_tim.o
                0x0000000008006d64                TIM_Base_SetConfig
 .text.TIM_OC1_SetConfig
                0x0000000008006e28       0xcc ./Drivers/STM32F1xx_HAL_Driver/Src/stm32f1xx_hal_tim.o
 .text.TIM_OC2_SetConfig
                0x0000000008006ef4       0xd4 ./Drivers/STM32F1xx_HAL_Driver/Src/stm32f1xx_hal_tim.o
                0x0000000008006ef4                TIM_OC2_SetConfig
 .text.TIM_OC3_SetConfig
                0x0000000008006fc8       0xd4 ./Drivers/STM32F1xx_HAL_Driver/Src/stm32f1xx_hal_tim.o
 .text.TIM_OC4_SetConfig
                0x000000000800709c       0x9c ./Drivers/STM32F1xx_HAL_Driver/Src/stm32f1xx_hal_tim.o
 .text.TIM_TI1_ConfigInputStage
                0x0000000008007138       0x5c ./Drivers/STM32F1xx_HAL_Driver/Src/stm32f1xx_hal_tim.o
 .text.TIM_TI2_ConfigInputStage
                0x0000000008007194       0x5e ./Drivers/STM32F1xx_HAL_Driver/Src/stm32f1xx_hal_tim.o
 .text.TIM_ITRx_SetConfig
                0x00000000080071f2       0x34 ./Drivers/STM32F1xx_HAL_Driver/Src/stm32f1xx_hal_tim.o
 .text.TIM_ETR_SetConfig
                0x0000000008007226       0x3e ./Drivers/STM32F1xx_HAL_Driver/Src/stm32f1xx_hal_tim.o
                0x0000000008007226                TIM_ETR_SetConfig
 .text.TIM_CCxChannelCmd
                0x0000000008007264       0x48 ./Drivers/STM32F1xx_HAL_Driver/Src/stm32f1xx_hal_tim.o
                0x0000000008007264                TIM_CCxChannelCmd
 .text.HAL_TIMEx_MasterConfigSynchronization
                0x00000000080072ac       0xbc ./Drivers/STM32F1xx_HAL_Driver/Src/stm32f1xx_hal_tim_ex.o
                0x00000000080072ac                HAL_TIMEx_MasterConfigSynchronization
 .text.HAL_TIMEx_ConfigBreakDeadTime
                0x0000000008007368       0xa2 ./Drivers/STM32F1xx_HAL_Driver/Src/stm32f1xx_hal_tim_ex.o
                0x0000000008007368                HAL_TIMEx_ConfigBreakDeadTime
 .text.HAL_TIMEx_CommutCallback
                0x000000000800740a       0x12 ./Drivers/STM32F1xx_HAL_Driver/Src/stm32f1xx_hal_tim_ex.o
                0x000000000800740a                HAL_TIMEx_CommutCallback
 .text.HAL_TIMEx_BreakCallback
                0x000000000800741c       0x12 ./Drivers/STM32F1xx_HAL_Driver/Src/stm32f1xx_hal_tim_ex.o
                0x000000000800741c                HAL_TIMEx_BreakCallback
 *fill*         0x000000000800742e        0x2 
 .text.__errno  0x0000000008007430        0xc /Applications/STM32CubeIDE.app/Contents/Eclipse/plugins/com.st.stm32cube.ide.mcu.externaltools.gnu-tools-for-stm32.10.3-2021.10.macos64_1.0.100.202210260954/tools/bin/../lib/gcc/arm-none-eabi/10.3.1/../../../../arm-none-eabi/lib/thumb/v7-m/nofp/libc_nano.a(lib_a-errno.o)
                0x0000000008007430                __errno
 .text.__libc_init_array
                0x000000000800743c       0x48 /Applications/STM32CubeIDE.app/Contents/Eclipse/plugins/com.st.stm32cube.ide.mcu.externaltools.gnu-tools-for-stm32.10.3-2021.10.macos64_1.0.100.202210260954/tools/bin/../lib/gcc/arm-none-eabi/10.3.1/../../../../arm-none-eabi/lib/thumb/v7-m/nofp/libc_nano.a(lib_a-init.o)
                0x000000000800743c                __libc_init_array
 .text.memset   0x0000000008007484       0x10 /Applications/STM32CubeIDE.app/Contents/Eclipse/plugins/com.st.stm32cube.ide.mcu.externaltools.gnu-tools-for-stm32.10.3-2021.10.macos64_1.0.100.202210260954/tools/bin/../lib/gcc/arm-none-eabi/10.3.1/../../../../arm-none-eabi/lib/thumb/v7-m/nofp/libc_nano.a(lib_a-memset.o)
                0x0000000008007484                memset
 *fill*         0x0000000008007494        0x4 
 .text.atan     0x0000000008007498      0x314 /Applications/STM32CubeIDE.app/Contents/Eclipse/plugins/com.st.stm32cube.ide.mcu.externaltools.gnu-tools-for-stm32.10.3-2021.10.macos64_1.0.100.202210260954/tools/bin/../lib/gcc/arm-none-eabi/10.3.1/../../../../arm-none-eabi/lib/thumb/v7-m/nofp/libm.a(lib_a-s_atan.o)
                0x0000000008007498                atan
 .text.fabs     0x00000000080077ac        0x6 /Applications/STM32CubeIDE.app/Contents/Eclipse/plugins/com.st.stm32cube.ide.mcu.externaltools.gnu-tools-for-stm32.10.3-2021.10.macos64_1.0.100.202210260954/tools/bin/../lib/gcc/arm-none-eabi/10.3.1/../../../../arm-none-eabi/lib/thumb/v7-m/nofp/libm.a(lib_a-s_fabs.o)
                0x00000000080077ac                fabs
 .text.atan2    0x00000000080077b2        0x4 /Applications/STM32CubeIDE.app/Contents/Eclipse/plugins/com.st.stm32cube.ide.mcu.externaltools.gnu-tools-for-stm32.10.3-2021.10.macos64_1.0.100.202210260954/tools/bin/../lib/gcc/arm-none-eabi/10.3.1/../../../../arm-none-eabi/lib/thumb/v7-m/nofp/libm.a(lib_a-w_atan2.o)
                0x00000000080077b2                atan2
 .text.sqrt     0x00000000080077b6       0x48 /Applications/STM32CubeIDE.app/Contents/Eclipse/plugins/com.st.stm32cube.ide.mcu.externaltools.gnu-tools-for-stm32.10.3-2021.10.macos64_1.0.100.202210260954/tools/bin/../lib/gcc/arm-none-eabi/10.3.1/../../../../arm-none-eabi/lib/thumb/v7-m/nofp/libm.a(lib_a-w_sqrt.o)
                0x00000000080077b6                sqrt
 *fill*         0x00000000080077fe        0x2 
 .text.__ieee754_atan2
                0x0000000008007800      0x1a4 /Applications/STM32CubeIDE.app/Contents/Eclipse/plugins/com.st.stm32cube.ide.mcu.externaltools.gnu-tools-for-stm32.10.3-2021.10.macos64_1.0.100.202210260954/tools/bin/../lib/gcc/arm-none-eabi/10.3.1/../../../../arm-none-eabi/lib/thumb/v7-m/nofp/libm.a(lib_a-e_atan2.o)
                0x0000000008007800                __ieee754_atan2
 .text.__ieee754_sqrt
                0x00000000080079a4      0x160 /Applications/STM32CubeIDE.app/Contents/Eclipse/plugins/com.st.stm32cube.ide.mcu.externaltools.gnu-tools-for-stm32.10.3-2021.10.macos64_1.0.100.202210260954/tools/bin/../lib/gcc/arm-none-eabi/10.3.1/../../../../arm-none-eabi/lib/thumb/v7-m/nofp/libm.a(lib_a-e_sqrt.o)
                0x00000000080079a4                __ieee754_sqrt
 *(.glue_7)
 .glue_7        0x0000000008007b04        0x0 linker stubs
 *(.glue_7t)
 .glue_7t       0x0000000008007b04        0x0 linker stubs
 *(.eh_frame)
 .eh_frame      0x0000000008007b04        0x0 /Applications/STM32CubeIDE.app/Contents/Eclipse/plugins/com.st.stm32cube.ide.mcu.externaltools.gnu-tools-for-stm32.10.3-2021.10.macos64_1.0.100.202210260954/tools/bin/../lib/gcc/arm-none-eabi/10.3.1/thumb/v7-m/nofp/crtbegin.o
 *(.init)
 .init          0x0000000008007b04        0x4 /Applications/STM32CubeIDE.app/Contents/Eclipse/plugins/com.st.stm32cube.ide.mcu.externaltools.gnu-tools-for-stm32.10.3-2021.10.macos64_1.0.100.202210260954/tools/bin/../lib/gcc/arm-none-eabi/10.3.1/thumb/v7-m/nofp/crti.o
                0x0000000008007b04                _init
 .init          0x0000000008007b08        0x8 /Applications/STM32CubeIDE.app/Contents/Eclipse/plugins/com.st.stm32cube.ide.mcu.externaltools.gnu-tools-for-stm32.10.3-2021.10.macos64_1.0.100.202210260954/tools/bin/../lib/gcc/arm-none-eabi/10.3.1/thumb/v7-m/nofp/crtn.o
 *(.fini)
 .fini          0x0000000008007b10        0x4 /Applications/STM32CubeIDE.app/Contents/Eclipse/plugins/com.st.stm32cube.ide.mcu.externaltools.gnu-tools-for-stm32.10.3-2021.10.macos64_1.0.100.202210260954/tools/bin/../lib/gcc/arm-none-eabi/10.3.1/thumb/v7-m/nofp/crti.o
                0x0000000008007b10                _fini
 .fini          0x0000000008007b14        0x8 /Applications/STM32CubeIDE.app/Contents/Eclipse/plugins/com.st.stm32cube.ide.mcu.externaltools.gnu-tools-for-stm32.10.3-2021.10.macos64_1.0.100.202210260954/tools/bin/../lib/gcc/arm-none-eabi/10.3.1/thumb/v7-m/nofp/crtn.o
                0x0000000008007b1c                . = ALIGN (0x4)
                0x0000000008007b1c                _etext = .

.vfp11_veneer   0x0000000008007b1c        0x0
 .vfp11_veneer  0x0000000008007b1c        0x0 linker stubs

.v4_bx          0x0000000008007b1c        0x0
 .v4_bx         0x0000000008007b1c        0x0 linker stubs

.iplt           0x0000000008007b1c        0x0
 .iplt          0x0000000008007b1c        0x0 /Applications/STM32CubeIDE.app/Contents/Eclipse/plugins/com.st.stm32cube.ide.mcu.externaltools.gnu-tools-for-stm32.10.3-2021.10.macos64_1.0.100.202210260954/tools/bin/../lib/gcc/arm-none-eabi/10.3.1/thumb/v7-m/nofp/crtbegin.o

.rodata         0x0000000008007b20       0x98
                0x0000000008007b20                . = ALIGN (0x4)
 *(.rodata)
 .rodata        0x0000000008007b20       0x10 ./Drivers/STM32F1xx_HAL_Driver/Src/stm32f1xx_hal_rcc.o
 *(.rodata*)
 .rodata.AHBPrescTable
                0x0000000008007b30       0x10 ./Core/Src/system_stm32f1xx.o
                0x0000000008007b30                AHBPrescTable
 .rodata.APBPrescTable
                0x0000000008007b40        0x8 ./Core/Src/system_stm32f1xx.o
                0x0000000008007b40                APBPrescTable
 .rodata.atanhi
                0x0000000008007b48       0x20 /Applications/STM32CubeIDE.app/Contents/Eclipse/plugins/com.st.stm32cube.ide.mcu.externaltools.gnu-tools-for-stm32.10.3-2021.10.macos64_1.0.100.202210260954/tools/bin/../lib/gcc/arm-none-eabi/10.3.1/../../../../arm-none-eabi/lib/thumb/v7-m/nofp/libm.a(lib_a-s_atan.o)
 .rodata.atanlo
                0x0000000008007b68       0x20 /Applications/STM32CubeIDE.app/Contents/Eclipse/plugins/com.st.stm32cube.ide.mcu.externaltools.gnu-tools-for-stm32.10.3-2021.10.macos64_1.0.100.202210260954/tools/bin/../lib/gcc/arm-none-eabi/10.3.1/../../../../arm-none-eabi/lib/thumb/v7-m/nofp/libm.a(lib_a-s_atan.o)
 .rodata.CSWTCH.8
                0x0000000008007b88       0x18 /Applications/STM32CubeIDE.app/Contents/Eclipse/plugins/com.st.stm32cube.ide.mcu.externaltools.gnu-tools-for-stm32.10.3-2021.10.macos64_1.0.100.202210260954/tools/bin/../lib/gcc/arm-none-eabi/10.3.1/../../../../arm-none-eabi/lib/thumb/v7-m/nofp/libm.a(lib_a-e_atan2.o)
 .rodata.CSWTCH.9
                0x0000000008007ba0       0x18 /Applications/STM32CubeIDE.app/Contents/Eclipse/plugins/com.st.stm32cube.ide.mcu.externaltools.gnu-tools-for-stm32.10.3-2021.10.macos64_1.0.100.202210260954/tools/bin/../lib/gcc/arm-none-eabi/10.3.1/../../../../arm-none-eabi/lib/thumb/v7-m/nofp/libm.a(lib_a-e_atan2.o)
                0x0000000008007bb8                . = ALIGN (0x4)

.rel.dyn        0x0000000008007bb8        0x0
 .rel.iplt      0x0000000008007bb8        0x0 /Applications/STM32CubeIDE.app/Contents/Eclipse/plugins/com.st.stm32cube.ide.mcu.externaltools.gnu-tools-for-stm32.10.3-2021.10.macos64_1.0.100.202210260954/tools/bin/../lib/gcc/arm-none-eabi/10.3.1/thumb/v7-m/nofp/crtbegin.o

.ARM.extab      0x0000000008007bb8        0x0
                0x0000000008007bb8                . = ALIGN (0x4)
 *(.ARM.extab* .gnu.linkonce.armextab.*)
                0x0000000008007bb8                . = ALIGN (0x4)

.ARM            0x0000000008007bb8        0x0
                0x0000000008007bb8                . = ALIGN (0x4)
                0x0000000008007bb8                __exidx_start = .
 *(.ARM.exidx*)
                0x0000000008007bb8                __exidx_end = .
                0x0000000008007bb8                . = ALIGN (0x4)

.preinit_array  0x0000000008007bb8        0x0
                0x0000000008007bb8                . = ALIGN (0x4)
                0x0000000008007bb8                PROVIDE (__preinit_array_start = .)
 *(.preinit_array*)
                0x0000000008007bb8                PROVIDE (__preinit_array_end = .)
                0x0000000008007bb8                . = ALIGN (0x4)

.init_array     0x0000000008007bb8        0x4
                0x0000000008007bb8                . = ALIGN (0x4)
                0x0000000008007bb8                PROVIDE (__init_array_start = .)
 *(SORT_BY_NAME(.init_array.*))
 *(.init_array*)
 .init_array    0x0000000008007bb8        0x4 /Applications/STM32CubeIDE.app/Contents/Eclipse/plugins/com.st.stm32cube.ide.mcu.externaltools.gnu-tools-for-stm32.10.3-2021.10.macos64_1.0.100.202210260954/tools/bin/../lib/gcc/arm-none-eabi/10.3.1/thumb/v7-m/nofp/crtbegin.o
                0x0000000008007bbc                PROVIDE (__init_array_end = .)
                0x0000000008007bbc                . = ALIGN (0x4)

.fini_array     0x0000000008007bbc        0x4
                0x0000000008007bbc                . = ALIGN (0x4)
                [!provide]                        PROVIDE (__fini_array_start = .)
 *(SORT_BY_NAME(.fini_array.*))
 *(.fini_array*)
 .fini_array    0x0000000008007bbc        0x4 /Applications/STM32CubeIDE.app/Contents/Eclipse/plugins/com.st.stm32cube.ide.mcu.externaltools.gnu-tools-for-stm32.10.3-2021.10.macos64_1.0.100.202210260954/tools/bin/../lib/gcc/arm-none-eabi/10.3.1/thumb/v7-m/nofp/crtbegin.o
                [!provide]                        PROVIDE (__fini_array_end = .)
                0x0000000008007bc0                . = ALIGN (0x4)
                0x0000000008007bc0                _sidata = LOADADDR (.data)

.data           0x0000000020000000      0x114 load address 0x0000000008007bc0
                0x0000000020000000                . = ALIGN (0x4)
                0x0000000020000000                _sdata = .
 *(.data)
 *(.data*)
 .data.KalmanX  0x0000000020000000       0x48 ./Core/Inc/mpu.o
                0x0000000020000000                KalmanX
 .data.KalmanY  0x0000000020000048       0x48 ./Core/Inc/mpu.o
                0x0000000020000048                KalmanY
 .data.kp       0x0000000020000090        0x4 ./Core/Src/main.o
                0x0000000020000090                kp
 .data.ki       0x0000000020000094        0x4 ./Core/Src/main.o
                0x0000000020000094                ki
 .data.kd       0x0000000020000098        0x4 ./Core/Src/main.o
                0x0000000020000098                kd
 .data.targetspeed
                0x000000002000009c        0x1 ./Core/Src/main.o
                0x000000002000009c                targetspeed
 *fill*         0x000000002000009d        0x3 
 .data.datacheck
                0x00000000200000a0        0x4 ./Core/Src/main.o
                0x00000000200000a0                datacheck
 .data.SystemCoreClock
                0x00000000200000a4        0x4 ./Core/Src/system_stm32f1xx.o
                0x00000000200000a4                SystemCoreClock
 .data.uwTickPrio
                0x00000000200000a8        0x4 ./Drivers/STM32F1xx_HAL_Driver/Src/stm32f1xx_hal.o
                0x00000000200000a8                uwTickPrio
 .data.uwTickFreq
                0x00000000200000ac        0x1 ./Drivers/STM32F1xx_HAL_Driver/Src/stm32f1xx_hal.o
                0x00000000200000ac                uwTickFreq
 *fill*         0x00000000200000ad        0x3 
 .data._impure_ptr
                0x00000000200000b0        0x4 /Applications/STM32CubeIDE.app/Contents/Eclipse/plugins/com.st.stm32cube.ide.mcu.externaltools.gnu-tools-for-stm32.10.3-2021.10.macos64_1.0.100.202210260954/tools/bin/../lib/gcc/arm-none-eabi/10.3.1/../../../../arm-none-eabi/lib/thumb/v7-m/nofp/libc_nano.a(lib_a-impure.o)
                0x00000000200000b0                _impure_ptr
 .data.impure_data
                0x00000000200000b4       0x60 /Applications/STM32CubeIDE.app/Contents/Eclipse/plugins/com.st.stm32cube.ide.mcu.externaltools.gnu-tools-for-stm32.10.3-2021.10.macos64_1.0.100.202210260954/tools/bin/../lib/gcc/arm-none-eabi/10.3.1/../../../../arm-none-eabi/lib/thumb/v7-m/nofp/libc_nano.a(lib_a-impure.o)
 *(.RamFunc)
 *(.RamFunc*)
                0x0000000020000114                . = ALIGN (0x4)
                0x0000000020000114                _edata = .

.igot.plt       0x0000000020000114        0x0 load address 0x0000000008007cd4
 .igot.plt      0x0000000020000114        0x0 /Applications/STM32CubeIDE.app/Contents/Eclipse/plugins/com.st.stm32cube.ide.mcu.externaltools.gnu-tools-for-stm32.10.3-2021.10.macos64_1.0.100.202210260954/tools/bin/../lib/gcc/arm-none-eabi/10.3.1/thumb/v7-m/nofp/crtbegin.o
                0x0000000020000114                . = ALIGN (0x4)

.bss            0x0000000020000118      0x1f4 load address 0x0000000008007cd4
                0x0000000020000118                _sbss = .
                0x0000000020000118                __bss_start__ = _sbss
 *(.bss)
 .bss           0x0000000020000118       0x1c /Applications/STM32CubeIDE.app/Contents/Eclipse/plugins/com.st.stm32cube.ide.mcu.externaltools.gnu-tools-for-stm32.10.3-2021.10.macos64_1.0.100.202210260954/tools/bin/../lib/gcc/arm-none-eabi/10.3.1/thumb/v7-m/nofp/crtbegin.o
 *(.bss*)
 .bss.timer     0x0000000020000134        0x4 ./Core/Inc/mpu.o
                0x0000000020000134                timer
 .bss.Eticks    0x0000000020000138        0x4 ./Core/Src/main.o
                0x0000000020000138                Eticks
 .bss.old_ticks
                0x000000002000013c        0x4 ./Core/Src/main.o
                0x000000002000013c                old_ticks
 .bss.change_of_ang
                0x0000000020000140        0x4 ./Core/Src/main.o
                0x0000000020000140                change_of_ang
 .bss.speed     0x0000000020000144        0x4 ./Core/Src/main.o
                0x0000000020000144                speed
 .bss.error     0x0000000020000148        0x4 ./Core/Src/main.o
                0x0000000020000148                error
 .bss.integral  0x000000002000014c        0x4 ./Core/Src/main.o
                0x000000002000014c                integral
 .bss.deri      0x0000000020000150        0x4 ./Core/Src/main.o
                0x0000000020000150                deri
 .bss.lasterror
                0x0000000020000154        0x4 ./Core/Src/main.o
                0x0000000020000154                lasterror
 .bss.pout      0x0000000020000158        0x4 ./Core/Src/main.o
                0x0000000020000158                pout
 .bss.dout      0x000000002000015c        0x4 ./Core/Src/main.o
                0x000000002000015c                dout
 .bss.iout      0x0000000020000160        0x4 ./Core/Src/main.o
                0x0000000020000160                iout
 .bss.output    0x0000000020000164        0x4 ./Core/Src/main.o
                0x0000000020000164                output
 .bss.rxdata    0x0000000020000168        0x8 ./Core/Src/main.o
                0x0000000020000168                rxdata
 .bss.ctime     0x0000000020000170        0x4 ./Core/Src/main.o
                0x0000000020000170                ctime
 .bss.ptime     0x0000000020000174        0x4 ./Core/Src/main.o
                0x0000000020000174                ptime
 .bss.mpuctime  0x0000000020000178        0x4 ./Core/Src/main.o
                0x0000000020000178                mpuctime
 .bss.mpuptime  0x000000002000017c        0x4 ./Core/Src/main.o
                0x000000002000017c                mpuptime
 .bss.MPU6050   0x0000000020000180       0x58 ./Core/Src/main.o
                0x0000000020000180                MPU6050
 .bss.hcan      0x00000000200001d8       0x28 ./Core/Src/main.o
                0x00000000200001d8                hcan
 .bss.hi2c1     0x0000000020000200       0x54 ./Core/Src/main.o
                0x0000000020000200                hi2c1
 .bss.htim1     0x0000000020000254       0x48 ./Core/Src/main.o
                0x0000000020000254                htim1
 .bss.htim2     0x000000002000029c       0x48 ./Core/Src/main.o
                0x000000002000029c                htim2
 .bss.Rxheader  0x00000000200002e4       0x1c ./Core/Src/main.o
                0x00000000200002e4                Rxheader
 .bss.data      0x0000000020000300        0x2 ./Core/Src/main.o
                0x0000000020000300                data
 *fill*         0x0000000020000302        0x2 
 .bss.deltaT    0x0000000020000304        0x4 ./Core/Src/main.o
                0x0000000020000304                deltaT
 .bss.uwTick    0x0000000020000308        0x4 ./Drivers/STM32F1xx_HAL_Driver/Src/stm32f1xx_hal.o
                0x0000000020000308                uwTick
 *(COMMON)
                0x000000002000030c                . = ALIGN (0x4)
                0x000000002000030c                _ebss = .
                0x000000002000030c                __bss_end__ = _ebss

._user_heap_stack
                0x000000002000030c      0x604 load address 0x0000000008007cd4
                0x0000000020000310                . = ALIGN (0x8)
 *fill*         0x000000002000030c        0x4 
                [!provide]                        PROVIDE (end = .)
                0x0000000020000310                PROVIDE (_end = .)
                0x0000000020000510                . = (. + _Min_Heap_Size)
 *fill*         0x0000000020000310      0x200 
                0x0000000020000910                . = (. + _Min_Stack_Size)
 *fill*         0x0000000020000510      0x400 
                0x0000000020000910                . = ALIGN (0x8)

/DISCARD/
 libc.a(*)
 libm.a(*)
 libgcc.a(*)

.ARM.attributes
                0x0000000000000000       0x29
 *(.ARM.attributes)
 .ARM.attributes
                0x0000000000000000       0x1d /Applications/STM32CubeIDE.app/Contents/Eclipse/plugins/com.st.stm32cube.ide.mcu.externaltools.gnu-tools-for-stm32.10.3-2021.10.macos64_1.0.100.202210260954/tools/bin/../lib/gcc/arm-none-eabi/10.3.1/thumb/v7-m/nofp/crti.o
 .ARM.attributes
                0x000000000000001d       0x2d /Applications/STM32CubeIDE.app/Contents/Eclipse/plugins/com.st.stm32cube.ide.mcu.externaltools.gnu-tools-for-stm32.10.3-2021.10.macos64_1.0.100.202210260954/tools/bin/../lib/gcc/arm-none-eabi/10.3.1/thumb/v7-m/nofp/crtbegin.o
 .ARM.attributes
                0x000000000000004a       0x2d ./Core/Inc/mpu.o
 .ARM.attributes
                0x0000000000000077       0x2d ./Core/Src/main.o
 .ARM.attributes
                0x00000000000000a4       0x2d ./Core/Src/stm32f1xx_hal_msp.o
 .ARM.attributes
                0x00000000000000d1       0x2d ./Core/Src/stm32f1xx_it.o
 .ARM.attributes
                0x00000000000000fe       0x2d ./Core/Src/system_stm32f1xx.o
 .ARM.attributes
                0x000000000000012b       0x21 ./Core/Startup/startup_stm32f103c8tx.o
 .ARM.attributes
                0x000000000000014c       0x2d ./Drivers/STM32F1xx_HAL_Driver/Src/stm32f1xx_hal.o
 .ARM.attributes
                0x0000000000000179       0x2d ./Drivers/STM32F1xx_HAL_Driver/Src/stm32f1xx_hal_can.o
 .ARM.attributes
                0x00000000000001a6       0x2d ./Drivers/STM32F1xx_HAL_Driver/Src/stm32f1xx_hal_cortex.o
 .ARM.attributes
                0x00000000000001d3       0x2d ./Drivers/STM32F1xx_HAL_Driver/Src/stm32f1xx_hal_dma.o
 .ARM.attributes
                0x0000000000000200       0x2d ./Drivers/STM32F1xx_HAL_Driver/Src/stm32f1xx_hal_gpio.o
 .ARM.attributes
                0x000000000000022d       0x2d ./Drivers/STM32F1xx_HAL_Driver/Src/stm32f1xx_hal_i2c.o
 .ARM.attributes
                0x000000000000025a       0x2d ./Drivers/STM32F1xx_HAL_Driver/Src/stm32f1xx_hal_rcc.o
 .ARM.attributes
                0x0000000000000287       0x2d ./Drivers/STM32F1xx_HAL_Driver/Src/stm32f1xx_hal_tim.o
 .ARM.attributes
                0x00000000000002b4       0x2d ./Drivers/STM32F1xx_HAL_Driver/Src/stm32f1xx_hal_tim_ex.o
 .ARM.attributes
                0x00000000000002e1       0x2d /Applications/STM32CubeIDE.app/Contents/Eclipse/plugins/com.st.stm32cube.ide.mcu.externaltools.gnu-tools-for-stm32.10.3-2021.10.macos64_1.0.100.202210260954/tools/bin/../lib/gcc/arm-none-eabi/10.3.1/../../../../arm-none-eabi/lib/thumb/v7-m/nofp/libc_nano.a(lib_a-errno.o)
 .ARM.attributes
                0x000000000000030e       0x2d /Applications/STM32CubeIDE.app/Contents/Eclipse/plugins/com.st.stm32cube.ide.mcu.externaltools.gnu-tools-for-stm32.10.3-2021.10.macos64_1.0.100.202210260954/tools/bin/../lib/gcc/arm-none-eabi/10.3.1/../../../../arm-none-eabi/lib/thumb/v7-m/nofp/libc_nano.a(lib_a-impure.o)
 .ARM.attributes
                0x000000000000033b       0x2d /Applications/STM32CubeIDE.app/Contents/Eclipse/plugins/com.st.stm32cube.ide.mcu.externaltools.gnu-tools-for-stm32.10.3-2021.10.macos64_1.0.100.202210260954/tools/bin/../lib/gcc/arm-none-eabi/10.3.1/../../../../arm-none-eabi/lib/thumb/v7-m/nofp/libc_nano.a(lib_a-init.o)
 .ARM.attributes
                0x0000000000000368       0x2d /Applications/STM32CubeIDE.app/Contents/Eclipse/plugins/com.st.stm32cube.ide.mcu.externaltools.gnu-tools-for-stm32.10.3-2021.10.macos64_1.0.100.202210260954/tools/bin/../lib/gcc/arm-none-eabi/10.3.1/../../../../arm-none-eabi/lib/thumb/v7-m/nofp/libc_nano.a(lib_a-memset.o)
 .ARM.attributes
                0x0000000000000395       0x2d /Applications/STM32CubeIDE.app/Contents/Eclipse/plugins/com.st.stm32cube.ide.mcu.externaltools.gnu-tools-for-stm32.10.3-2021.10.macos64_1.0.100.202210260954/tools/bin/../lib/gcc/arm-none-eabi/10.3.1/../../../../arm-none-eabi/lib/thumb/v7-m/nofp/libm.a(lib_a-s_atan.o)
 .ARM.attributes
                0x00000000000003c2       0x2d /Applications/STM32CubeIDE.app/Contents/Eclipse/plugins/com.st.stm32cube.ide.mcu.externaltools.gnu-tools-for-stm32.10.3-2021.10.macos64_1.0.100.202210260954/tools/bin/../lib/gcc/arm-none-eabi/10.3.1/../../../../arm-none-eabi/lib/thumb/v7-m/nofp/libm.a(lib_a-s_fabs.o)
 .ARM.attributes
                0x00000000000003ef       0x2d /Applications/STM32CubeIDE.app/Contents/Eclipse/plugins/com.st.stm32cube.ide.mcu.externaltools.gnu-tools-for-stm32.10.3-2021.10.macos64_1.0.100.202210260954/tools/bin/../lib/gcc/arm-none-eabi/10.3.1/../../../../arm-none-eabi/lib/thumb/v7-m/nofp/libm.a(lib_a-w_atan2.o)
 .ARM.attributes
                0x000000000000041c       0x2d /Applications/STM32CubeIDE.app/Contents/Eclipse/plugins/com.st.stm32cube.ide.mcu.externaltools.gnu-tools-for-stm32.10.3-2021.10.macos64_1.0.100.202210260954/tools/bin/../lib/gcc/arm-none-eabi/10.3.1/../../../../arm-none-eabi/lib/thumb/v7-m/nofp/libm.a(lib_a-w_sqrt.o)
 .ARM.attributes
                0x0000000000000449       0x2d /Applications/STM32CubeIDE.app/Contents/Eclipse/plugins/com.st.stm32cube.ide.mcu.externaltools.gnu-tools-for-stm32.10.3-2021.10.macos64_1.0.100.202210260954/tools/bin/../lib/gcc/arm-none-eabi/10.3.1/../../../../arm-none-eabi/lib/thumb/v7-m/nofp/libm.a(lib_a-e_atan2.o)
 .ARM.attributes
                0x0000000000000476       0x2d /Applications/STM32CubeIDE.app/Contents/Eclipse/plugins/com.st.stm32cube.ide.mcu.externaltools.gnu-tools-for-stm32.10.3-2021.10.macos64_1.0.100.202210260954/tools/bin/../lib/gcc/arm-none-eabi/10.3.1/../../../../arm-none-eabi/lib/thumb/v7-m/nofp/libm.a(lib_a-e_sqrt.o)
 .ARM.attributes
                0x00000000000004a3       0x1d /Applications/STM32CubeIDE.app/Contents/Eclipse/plugins/com.st.stm32cube.ide.mcu.externaltools.gnu-tools-for-stm32.10.3-2021.10.macos64_1.0.100.202210260954/tools/bin/../lib/gcc/arm-none-eabi/10.3.1/thumb/v7-m/nofp/libgcc.a(_arm_addsubdf3.o)
 .ARM.attributes
                0x00000000000004c0       0x1d /Applications/STM32CubeIDE.app/Contents/Eclipse/plugins/com.st.stm32cube.ide.mcu.externaltools.gnu-tools-for-stm32.10.3-2021.10.macos64_1.0.100.202210260954/tools/bin/../lib/gcc/arm-none-eabi/10.3.1/thumb/v7-m/nofp/libgcc.a(_arm_muldivdf3.o)
 .ARM.attributes
                0x00000000000004dd       0x1d /Applications/STM32CubeIDE.app/Contents/Eclipse/plugins/com.st.stm32cube.ide.mcu.externaltools.gnu-tools-for-stm32.10.3-2021.10.macos64_1.0.100.202210260954/tools/bin/../lib/gcc/arm-none-eabi/10.3.1/thumb/v7-m/nofp/libgcc.a(_arm_cmpdf2.o)
 .ARM.attributes
                0x00000000000004fa       0x1d /Applications/STM32CubeIDE.app/Contents/Eclipse/plugins/com.st.stm32cube.ide.mcu.externaltools.gnu-tools-for-stm32.10.3-2021.10.macos64_1.0.100.202210260954/tools/bin/../lib/gcc/arm-none-eabi/10.3.1/thumb/v7-m/nofp/libgcc.a(_arm_unorddf2.o)
 .ARM.attributes
                0x0000000000000517       0x1d /Applications/STM32CubeIDE.app/Contents/Eclipse/plugins/com.st.stm32cube.ide.mcu.externaltools.gnu-tools-for-stm32.10.3-2021.10.macos64_1.0.100.202210260954/tools/bin/../lib/gcc/arm-none-eabi/10.3.1/thumb/v7-m/nofp/libgcc.a(_arm_truncdfsf2.o)
 .ARM.attributes
                0x0000000000000534       0x1d /Applications/STM32CubeIDE.app/Contents/Eclipse/plugins/com.st.stm32cube.ide.mcu.externaltools.gnu-tools-for-stm32.10.3-2021.10.macos64_1.0.100.202210260954/tools/bin/../lib/gcc/arm-none-eabi/10.3.1/thumb/v7-m/nofp/libgcc.a(_arm_addsubsf3.o)
 .ARM.attributes
                0x0000000000000551       0x1d /Applications/STM32CubeIDE.app/Contents/Eclipse/plugins/com.st.stm32cube.ide.mcu.externaltools.gnu-tools-for-stm32.10.3-2021.10.macos64_1.0.100.202210260954/tools/bin/../lib/gcc/arm-none-eabi/10.3.1/thumb/v7-m/nofp/libgcc.a(_arm_muldivsf3.o)
 .ARM.attributes
                0x000000000000056e       0x1d /Applications/STM32CubeIDE.app/Contents/Eclipse/plugins/com.st.stm32cube.ide.mcu.externaltools.gnu-tools-for-stm32.10.3-2021.10.macos64_1.0.100.202210260954/tools/bin/../lib/gcc/arm-none-eabi/10.3.1/thumb/v7-m/nofp/libgcc.a(_arm_fixunssfsi.o)
 .ARM.attributes
                0x000000000000058b       0x1d /Applications/STM32CubeIDE.app/Contents/Eclipse/plugins/com.st.stm32cube.ide.mcu.externaltools.gnu-tools-for-stm32.10.3-2021.10.macos64_1.0.100.202210260954/tools/bin/../lib/gcc/arm-none-eabi/10.3.1/thumb/v7-m/nofp/crtn.o
OUTPUT(motor_control_slave_with_imu.elf elf32-littlearm)
LOAD linker stubs
LOAD /Applications/STM32CubeIDE.app/Contents/Eclipse/plugins/com.st.stm32cube.ide.mcu.externaltools.gnu-tools-for-stm32.10.3-2021.10.macos64_1.0.100.202210260954/tools/bin/../lib/gcc/arm-none-eabi/10.3.1/../../../../arm-none-eabi/lib/thumb/v7-m/nofp/libc.a
LOAD /Applications/STM32CubeIDE.app/Contents/Eclipse/plugins/com.st.stm32cube.ide.mcu.externaltools.gnu-tools-for-stm32.10.3-2021.10.macos64_1.0.100.202210260954/tools/bin/../lib/gcc/arm-none-eabi/10.3.1/../../../../arm-none-eabi/lib/thumb/v7-m/nofp/libm.a
LOAD /Applications/STM32CubeIDE.app/Contents/Eclipse/plugins/com.st.stm32cube.ide.mcu.externaltools.gnu-tools-for-stm32.10.3-2021.10.macos64_1.0.100.202210260954/tools/bin/../lib/gcc/arm-none-eabi/10.3.1/thumb/v7-m/nofp/libgcc.a

.debug_info     0x0000000000000000     0xea63
 .debug_info    0x0000000000000000      0xb22 ./Core/Inc/mpu.o
 .debug_info    0x0000000000000b22     0x1dc3 ./Core/Src/main.o
 .debug_info    0x00000000000028e5     0x12d4 ./Core/Src/stm32f1xx_hal_msp.o
 .debug_info    0x0000000000003bb9      0xe66 ./Core/Src/stm32f1xx_it.o
 .debug_info    0x0000000000004a1f      0x23d ./Core/Src/system_stm32f1xx.o
 .debug_info    0x0000000000004c5c       0x22 ./Core/Startup/startup_stm32f103c8tx.o
 .debug_info    0x0000000000004c7e      0x734 ./Drivers/STM32F1xx_HAL_Driver/Src/stm32f1xx_hal.o
 .debug_info    0x00000000000053b2      0xfb8 ./Drivers/STM32F1xx_HAL_Driver/Src/stm32f1xx_hal_can.o
 .debug_info    0x000000000000636a      0xb20 ./Drivers/STM32F1xx_HAL_Driver/Src/stm32f1xx_hal_cortex.o
 .debug_info    0x0000000000006e8a      0x73f ./Drivers/STM32F1xx_HAL_Driver/Src/stm32f1xx_hal_dma.o
 .debug_info    0x00000000000075c9      0x615 ./Drivers/STM32F1xx_HAL_Driver/Src/stm32f1xx_hal_gpio.o
 .debug_info    0x0000000000007bde     0x2734 ./Drivers/STM32F1xx_HAL_Driver/Src/stm32f1xx_hal_i2c.o
 .debug_info    0x000000000000a312      0x860 ./Drivers/STM32F1xx_HAL_Driver/Src/stm32f1xx_hal_rcc.o
 .debug_info    0x000000000000ab72     0x29de ./Drivers/STM32F1xx_HAL_Driver/Src/stm32f1xx_hal_tim.o
 .debug_info    0x000000000000d550     0x1513 ./Drivers/STM32F1xx_HAL_Driver/Src/stm32f1xx_hal_tim_ex.o

.debug_abbrev   0x0000000000000000     0x2001
 .debug_abbrev  0x0000000000000000      0x20a ./Core/Inc/mpu.o
 .debug_abbrev  0x000000000000020a      0x3af ./Core/Src/main.o
 .debug_abbrev  0x00000000000005b9      0x245 ./Core/Src/stm32f1xx_hal_msp.o
 .debug_abbrev  0x00000000000007fe      0x206 ./Core/Src/stm32f1xx_it.o
 .debug_abbrev  0x0000000000000a04      0x13b ./Core/Src/system_stm32f1xx.o
 .debug_abbrev  0x0000000000000b3f       0x12 ./Core/Startup/startup_stm32f103c8tx.o
 .debug_abbrev  0x0000000000000b51      0x1fb ./Drivers/STM32F1xx_HAL_Driver/Src/stm32f1xx_hal.o
 .debug_abbrev  0x0000000000000d4c      0x21d ./Drivers/STM32F1xx_HAL_Driver/Src/stm32f1xx_hal_can.o
 .debug_abbrev  0x0000000000000f69      0x2ed ./Drivers/STM32F1xx_HAL_Driver/Src/stm32f1xx_hal_cortex.o
 .debug_abbrev  0x0000000000001256      0x1fe ./Drivers/STM32F1xx_HAL_Driver/Src/stm32f1xx_hal_dma.o
 .debug_abbrev  0x0000000000001454      0x1bb ./Drivers/STM32F1xx_HAL_Driver/Src/stm32f1xx_hal_gpio.o
 .debug_abbrev  0x000000000000160f      0x288 ./Drivers/STM32F1xx_HAL_Driver/Src/stm32f1xx_hal_i2c.o
 .debug_abbrev  0x0000000000001897      0x2a8 ./Drivers/STM32F1xx_HAL_Driver/Src/stm32f1xx_hal_rcc.o
 .debug_abbrev  0x0000000000001b3f      0x25d ./Drivers/STM32F1xx_HAL_Driver/Src/stm32f1xx_hal_tim.o
 .debug_abbrev  0x0000000000001d9c      0x265 ./Drivers/STM32F1xx_HAL_Driver/Src/stm32f1xx_hal_tim_ex.o

.debug_aranges  0x0000000000000000      0xe60
 .debug_aranges
                0x0000000000000000       0x48 ./Core/Inc/mpu.o
 .debug_aranges
                0x0000000000000048       0x80 ./Core/Src/main.o
 .debug_aranges
                0x00000000000000c8       0x58 ./Core/Src/stm32f1xx_hal_msp.o
 .debug_aranges
                0x0000000000000120       0x98 ./Core/Src/stm32f1xx_it.o
 .debug_aranges
                0x00000000000001b8       0x28 ./Core/Src/system_stm32f1xx.o
 .debug_aranges
                0x00000000000001e0       0x28 ./Core/Startup/startup_stm32f103c8tx.o
 .debug_aranges
                0x0000000000000208       0xe0 ./Drivers/STM32F1xx_HAL_Driver/Src/stm32f1xx_hal.o
 .debug_aranges
                0x00000000000002e8      0x138 ./Drivers/STM32F1xx_HAL_Driver/Src/stm32f1xx_hal_can.o
 .debug_aranges
                0x0000000000000420      0x100 ./Drivers/STM32F1xx_HAL_Driver/Src/stm32f1xx_hal_cortex.o
 .debug_aranges
                0x0000000000000520       0x80 ./Drivers/STM32F1xx_HAL_Driver/Src/stm32f1xx_hal_dma.o
 .debug_aranges
                0x00000000000005a0       0x58 ./Drivers/STM32F1xx_HAL_Driver/Src/stm32f1xx_hal_gpio.o
 .debug_aranges
                0x00000000000005f8      0x2a0 ./Drivers/STM32F1xx_HAL_Driver/Src/stm32f1xx_hal_i2c.o
 .debug_aranges
                0x0000000000000898       0x90 ./Drivers/STM32F1xx_HAL_Driver/Src/stm32f1xx_hal_rcc.o
 .debug_aranges
                0x0000000000000928      0x3d0 ./Drivers/STM32F1xx_HAL_Driver/Src/stm32f1xx_hal_tim.o
 .debug_aranges
                0x0000000000000cf8      0x168 ./Drivers/STM32F1xx_HAL_Driver/Src/stm32f1xx_hal_tim_ex.o

.debug_ranges   0x0000000000000000      0xda0
 .debug_ranges  0x0000000000000000       0x38 ./Core/Inc/mpu.o
 .debug_ranges  0x0000000000000038       0x70 ./Core/Src/main.o
 .debug_ranges  0x00000000000000a8       0x48 ./Core/Src/stm32f1xx_hal_msp.o
 .debug_ranges  0x00000000000000f0       0x88 ./Core/Src/stm32f1xx_it.o
 .debug_ranges  0x0000000000000178       0x18 ./Core/Src/system_stm32f1xx.o
 .debug_ranges  0x0000000000000190       0x20 ./Core/Startup/startup_stm32f103c8tx.o
 .debug_ranges  0x00000000000001b0       0xd0 ./Drivers/STM32F1xx_HAL_Driver/Src/stm32f1xx_hal.o
 .debug_ranges  0x0000000000000280      0x128 ./Drivers/STM32F1xx_HAL_Driver/Src/stm32f1xx_hal_can.o
 .debug_ranges  0x00000000000003a8       0xf0 ./Drivers/STM32F1xx_HAL_Driver/Src/stm32f1xx_hal_cortex.o
 .debug_ranges  0x0000000000000498       0x70 ./Drivers/STM32F1xx_HAL_Driver/Src/stm32f1xx_hal_dma.o
 .debug_ranges  0x0000000000000508       0x48 ./Drivers/STM32F1xx_HAL_Driver/Src/stm32f1xx_hal_gpio.o
 .debug_ranges  0x0000000000000550      0x2b8 ./Drivers/STM32F1xx_HAL_Driver/Src/stm32f1xx_hal_i2c.o
 .debug_ranges  0x0000000000000808       0x80 ./Drivers/STM32F1xx_HAL_Driver/Src/stm32f1xx_hal_rcc.o
 .debug_ranges  0x0000000000000888      0x3c0 ./Drivers/STM32F1xx_HAL_Driver/Src/stm32f1xx_hal_tim.o
 .debug_ranges  0x0000000000000c48      0x158 ./Drivers/STM32F1xx_HAL_Driver/Src/stm32f1xx_hal_tim_ex.o

.debug_macro    0x0000000000000000    0x17e73
 .debug_macro   0x0000000000000000      0x2ac ./Core/Inc/mpu.o
 .debug_macro   0x00000000000002ac      0xa6c ./Core/Inc/mpu.o
 .debug_macro   0x0000000000000d18       0x22 ./Core/Inc/mpu.o
 .debug_macro   0x0000000000000d3a       0x4c ./Core/Inc/mpu.o
 .debug_macro   0x0000000000000d86       0x18 ./Core/Inc/mpu.o
 .debug_macro   0x0000000000000d9e       0x94 ./Core/Inc/mpu.o
 .debug_macro   0x0000000000000e32       0x3c ./Core/Inc/mpu.o
 .debug_macro   0x0000000000000e6e       0x34 ./Core/Inc/mpu.o
 .debug_macro   0x0000000000000ea2      0x174 ./Core/Inc/mpu.o
 .debug_macro   0x0000000000001016       0x16 ./Core/Inc/mpu.o
 .debug_macro   0x000000000000102c       0x43 ./Core/Inc/mpu.o
 .debug_macro   0x000000000000106f       0x57 ./Core/Inc/mpu.o
 .debug_macro   0x00000000000010c6       0x34 ./Core/Inc/mpu.o
 .debug_macro   0x00000000000010fa       0x10 ./Core/Inc/mpu.o
 .debug_macro   0x000000000000110a       0x58 ./Core/Inc/mpu.o
 .debug_macro   0x0000000000001162       0x71 ./Core/Inc/mpu.o
 .debug_macro   0x00000000000011d3       0x1c ./Core/Inc/mpu.o
 .debug_macro   0x00000000000011ef      0x12a ./Core/Inc/mpu.o
 .debug_macro   0x0000000000001319      0x341 ./Core/Inc/mpu.o
 .debug_macro   0x000000000000165a      0x19b ./Core/Inc/mpu.o
 .debug_macro   0x00000000000017f5      0x103 ./Core/Inc/mpu.o
 .debug_macro   0x00000000000018f8       0x6a ./Core/Inc/mpu.o
 .debug_macro   0x0000000000001962      0x1df ./Core/Inc/mpu.o
 .debug_macro   0x0000000000001b41      0x221 ./Core/Inc/mpu.o
 .debug_macro   0x0000000000001d62       0x2e ./Core/Inc/mpu.o
 .debug_macro   0x0000000000001d90       0x22 ./Core/Inc/mpu.o
 .debug_macro   0x0000000000001db2       0x1c ./Core/Inc/mpu.o
 .debug_macro   0x0000000000001dce       0x22 ./Core/Inc/mpu.o
 .debug_macro   0x0000000000001df0       0xbd ./Core/Inc/mpu.o
 .debug_macro   0x0000000000001ead      0xd23 ./Core/Inc/mpu.o
 .debug_macro   0x0000000000002bd0     0xe09e ./Core/Inc/mpu.o
 .debug_macro   0x0000000000010c6e       0x6d ./Core/Inc/mpu.o
 .debug_macro   0x0000000000010cdb     0x3468 ./Core/Inc/mpu.o
 .debug_macro   0x0000000000014143       0x56 ./Core/Inc/mpu.o
 .debug_macro   0x0000000000014199      0x5be ./Core/Inc/mpu.o
 .debug_macro   0x0000000000014757      0x289 ./Core/Inc/mpu.o
 .debug_macro   0x00000000000149e0      0x1cb ./Core/Inc/mpu.o
 .debug_macro   0x0000000000014bab      0x114 ./Core/Inc/mpu.o
 .debug_macro   0x0000000000014cbf      0x1b2 ./Core/Inc/mpu.o
 .debug_macro   0x0000000000014e71       0x27 ./Core/Inc/mpu.o
 .debug_macro   0x0000000000014e98      0x136 ./Core/Inc/mpu.o
 .debug_macro   0x0000000000014fce      0x1bc ./Core/Inc/mpu.o
 .debug_macro   0x000000000001518a       0x34 ./Core/Inc/mpu.o
 .debug_macro   0x00000000000151be       0x3c ./Core/Inc/mpu.o
 .debug_macro   0x00000000000151fa      0x408 ./Core/Inc/mpu.o
 .debug_macro   0x0000000000015602       0x57 ./Core/Inc/mpu.o
 .debug_macro   0x0000000000015659       0x88 ./Core/Inc/mpu.o
 .debug_macro   0x00000000000156e1      0x241 ./Core/Inc/mpu.o
 .debug_macro   0x0000000000015922      0x287 ./Core/Inc/mpu.o
 .debug_macro   0x0000000000015ba9      0x141 ./Core/Inc/mpu.o
 .debug_macro   0x0000000000015cea      0x8d1 ./Core/Inc/mpu.o
 .debug_macro   0x00000000000165bb       0x83 ./Core/Inc/mpu.o
 .debug_macro   0x000000000001663e      0x1cf ./Core/Src/main.o
 .debug_macro   0x000000000001680d       0x8e ./Core/Src/main.o
 .debug_macro   0x000000000001689b       0x51 ./Core/Src/main.o
 .debug_macro   0x00000000000168ec       0x5c ./Core/Src/main.o
 .debug_macro   0x0000000000016948      0x1b7 ./Core/Src/stm32f1xx_hal_msp.o
 .debug_macro   0x0000000000016aff      0x1c1 ./Core/Src/stm32f1xx_it.o
 .debug_macro   0x0000000000016cc0      0x1ad ./Core/Src/system_stm32f1xx.o
 .debug_macro   0x0000000000016e6d      0x1d1 ./Drivers/STM32F1xx_HAL_Driver/Src/stm32f1xx_hal.o
 .debug_macro   0x000000000001703e      0x1b5 ./Drivers/STM32F1xx_HAL_Driver/Src/stm32f1xx_hal_can.o
 .debug_macro   0x00000000000171f3      0x1ad ./Drivers/STM32F1xx_HAL_Driver/Src/stm32f1xx_hal_cortex.o
 .debug_macro   0x00000000000173a0      0x1ad ./Drivers/STM32F1xx_HAL_Driver/Src/stm32f1xx_hal_dma.o
 .debug_macro   0x000000000001754d      0x218 ./Drivers/STM32F1xx_HAL_Driver/Src/stm32f1xx_hal_gpio.o
 .debug_macro   0x0000000000017765      0x1f4 ./Drivers/STM32F1xx_HAL_Driver/Src/stm32f1xx_hal_i2c.o
 .debug_macro   0x0000000000017959      0x1bf ./Drivers/STM32F1xx_HAL_Driver/Src/stm32f1xx_hal_rcc.o
 .debug_macro   0x0000000000017b18      0x1ae ./Drivers/STM32F1xx_HAL_Driver/Src/stm32f1xx_hal_tim.o
 .debug_macro   0x0000000000017cc6      0x1ad ./Drivers/STM32F1xx_HAL_Driver/Src/stm32f1xx_hal_tim_ex.o

.debug_line     0x0000000000000000     0xfe85
 .debug_line    0x0000000000000000      0xb53 ./Core/Inc/mpu.o
 .debug_line    0x0000000000000b53      0xa6f ./Core/Src/main.o
 .debug_line    0x00000000000015c2      0x7ef ./Core/Src/stm32f1xx_hal_msp.o
 .debug_line    0x0000000000001db1      0x826 ./Core/Src/stm32f1xx_it.o
 .debug_line    0x00000000000025d7      0x73a ./Core/Src/system_stm32f1xx.o
 .debug_line    0x0000000000002d11       0x87 ./Core/Startup/startup_stm32f103c8tx.o
 .debug_line    0x0000000000002d98      0x967 ./Drivers/STM32F1xx_HAL_Driver/Src/stm32f1xx_hal.o
 .debug_line    0x00000000000036ff     0x1108 ./Drivers/STM32F1xx_HAL_Driver/Src/stm32f1xx_hal_can.o
 .debug_line    0x0000000000004807      0xb4f ./Drivers/STM32F1xx_HAL_Driver/Src/stm32f1xx_hal_cortex.o
 .debug_line    0x0000000000005356      0xdbf ./Drivers/STM32F1xx_HAL_Driver/Src/stm32f1xx_hal_dma.o
 .debug_line    0x0000000000006115      0x9fe ./Drivers/STM32F1xx_HAL_Driver/Src/stm32f1xx_hal_gpio.o
 .debug_line    0x0000000000006b13     0x3a51 ./Drivers/STM32F1xx_HAL_Driver/Src/stm32f1xx_hal_i2c.o
 .debug_line    0x000000000000a564      0xd75 ./Drivers/STM32F1xx_HAL_Driver/Src/stm32f1xx_hal_rcc.o
 .debug_line    0x000000000000b2d9     0x331d ./Drivers/STM32F1xx_HAL_Driver/Src/stm32f1xx_hal_tim.o
 .debug_line    0x000000000000e5f6     0x188f ./Drivers/STM32F1xx_HAL_Driver/Src/stm32f1xx_hal_tim_ex.o

.debug_str      0x0000000000000000    0x8c937
 .debug_str     0x0000000000000000    0x88a25 ./Core/Inc/mpu.o
                                      0x88e0d (size before relaxing)
 .debug_str     0x0000000000088a25      0xf40 ./Core/Src/main.o
                                      0x866e7 (size before relaxing)
 .debug_str     0x0000000000089965       0xf3 ./Core/Src/stm32f1xx_hal_msp.o
                                      0x85f28 (size before relaxing)
 .debug_str     0x0000000000089a58      0x17a ./Core/Src/stm32f1xx_it.o
                                      0x85c39 (size before relaxing)
 .debug_str     0x0000000000089bd2       0x7e ./Core/Src/system_stm32f1xx.o
                                      0x8517e (size before relaxing)
 .debug_str     0x0000000000089c50       0x60 ./Core/Startup/startup_stm32f103c8tx.o
 .debug_str     0x0000000000089cb0      0x36a ./Drivers/STM32F1xx_HAL_Driver/Src/stm32f1xx_hal.o
                                      0x858b1 (size before relaxing)
 .debug_str     0x000000000008a01a      0x3e0 ./Drivers/STM32F1xx_HAL_Driver/Src/stm32f1xx_hal_can.o
                                      0x8597e (size before relaxing)
 .debug_str     0x000000000008a3fa      0x266 ./Drivers/STM32F1xx_HAL_Driver/Src/stm32f1xx_hal_cortex.o
                                      0x857fd (size before relaxing)
 .debug_str     0x000000000008a660      0x230 ./Drivers/STM32F1xx_HAL_Driver/Src/stm32f1xx_hal_dma.o
                                      0x85527 (size before relaxing)
 .debug_str     0x000000000008a890      0x2a8 ./Drivers/STM32F1xx_HAL_Driver/Src/stm32f1xx_hal_gpio.o
                                      0x85504 (size before relaxing)
 .debug_str     0x000000000008ab38      0xb10 ./Drivers/STM32F1xx_HAL_Driver/Src/stm32f1xx_hal_i2c.o
                                      0x861f2 (size before relaxing)
 .debug_str     0x000000000008b648      0x209 ./Drivers/STM32F1xx_HAL_Driver/Src/stm32f1xx_hal_rcc.o
                                      0x855ad (size before relaxing)
 .debug_str     0x000000000008b851      0xd05 ./Drivers/STM32F1xx_HAL_Driver/Src/stm32f1xx_hal_tim.o
                                      0x86598 (size before relaxing)
 .debug_str     0x000000000008c556      0x3e1 ./Drivers/STM32F1xx_HAL_Driver/Src/stm32f1xx_hal_tim_ex.o
                                      0x85db4 (size before relaxing)

.comment        0x0000000000000000       0x50
 .comment       0x0000000000000000       0x50 ./Core/Inc/mpu.o
                                         0x51 (size before relaxing)
 .comment       0x0000000000000050       0x51 ./Core/Src/main.o
 .comment       0x0000000000000050       0x51 ./Core/Src/stm32f1xx_hal_msp.o
 .comment       0x0000000000000050       0x51 ./Core/Src/stm32f1xx_it.o
 .comment       0x0000000000000050       0x51 ./Core/Src/system_stm32f1xx.o
 .comment       0x0000000000000050       0x51 ./Drivers/STM32F1xx_HAL_Driver/Src/stm32f1xx_hal.o
 .comment       0x0000000000000050       0x51 ./Drivers/STM32F1xx_HAL_Driver/Src/stm32f1xx_hal_can.o
 .comment       0x0000000000000050       0x51 ./Drivers/STM32F1xx_HAL_Driver/Src/stm32f1xx_hal_cortex.o
 .comment       0x0000000000000050       0x51 ./Drivers/STM32F1xx_HAL_Driver/Src/stm32f1xx_hal_dma.o
 .comment       0x0000000000000050       0x51 ./Drivers/STM32F1xx_HAL_Driver/Src/stm32f1xx_hal_gpio.o
 .comment       0x0000000000000050       0x51 ./Drivers/STM32F1xx_HAL_Driver/Src/stm32f1xx_hal_i2c.o
 .comment       0x0000000000000050       0x51 ./Drivers/STM32F1xx_HAL_Driver/Src/stm32f1xx_hal_rcc.o
 .comment       0x0000000000000050       0x51 ./Drivers/STM32F1xx_HAL_Driver/Src/stm32f1xx_hal_tim.o
 .comment       0x0000000000000050       0x51 ./Drivers/STM32F1xx_HAL_Driver/Src/stm32f1xx_hal_tim_ex.o

.debug_frame    0x0000000000000000     0x411c
 .debug_frame   0x0000000000000000      0x10c ./Core/Inc/mpu.o
 .debug_frame   0x000000000000010c      0x1cc ./Core/Src/main.o
 .debug_frame   0x00000000000002d8      0x134 ./Core/Src/stm32f1xx_hal_msp.o
 .debug_frame   0x000000000000040c      0x1c8 ./Core/Src/stm32f1xx_it.o
 .debug_frame   0x00000000000005d4       0x58 ./Core/Src/system_stm32f1xx.o
 .debug_frame   0x000000000000062c      0x334 ./Drivers/STM32F1xx_HAL_Driver/Src/stm32f1xx_hal.o
 .debug_frame   0x0000000000000960      0x5a0 ./Drivers/STM32F1xx_HAL_Driver/Src/stm32f1xx_hal_can.o
 .debug_frame   0x0000000000000f00      0x428 ./Drivers/STM32F1xx_HAL_Driver/Src/stm32f1xx_hal_cortex.o
 .debug_frame   0x0000000000001328      0x208 ./Drivers/STM32F1xx_HAL_Driver/Src/stm32f1xx_hal_dma.o
 .debug_frame   0x0000000000001530      0x14c ./Drivers/STM32F1xx_HAL_Driver/Src/stm32f1xx_hal_gpio.o
 .debug_frame   0x000000000000167c      0xc5c ./Drivers/STM32F1xx_HAL_Driver/Src/stm32f1xx_hal_i2c.o
 .debug_frame   0x00000000000022d8      0x21c ./Drivers/STM32F1xx_HAL_Driver/Src/stm32f1xx_hal_rcc.o
 .debug_frame   0x00000000000024f4     0x11b8 ./Drivers/STM32F1xx_HAL_Driver/Src/stm32f1xx_hal_tim.o
 .debug_frame   0x00000000000036ac      0x638 ./Drivers/STM32F1xx_HAL_Driver/Src/stm32f1xx_hal_tim_ex.o
 .debug_frame   0x0000000000003ce4       0x20 /Applications/STM32CubeIDE.app/Contents/Eclipse/plugins/com.st.stm32cube.ide.mcu.externaltools.gnu-tools-for-stm32.10.3-2021.10.macos64_1.0.100.202210260954/tools/bin/../lib/gcc/arm-none-eabi/10.3.1/../../../../arm-none-eabi/lib/thumb/v7-m/nofp/libc_nano.a(lib_a-errno.o)
 .debug_frame   0x0000000000003d04       0x2c /Applications/STM32CubeIDE.app/Contents/Eclipse/plugins/com.st.stm32cube.ide.mcu.externaltools.gnu-tools-for-stm32.10.3-2021.10.macos64_1.0.100.202210260954/tools/bin/../lib/gcc/arm-none-eabi/10.3.1/../../../../arm-none-eabi/lib/thumb/v7-m/nofp/libc_nano.a(lib_a-init.o)
 .debug_frame   0x0000000000003d30       0x20 /Applications/STM32CubeIDE.app/Contents/Eclipse/plugins/com.st.stm32cube.ide.mcu.externaltools.gnu-tools-for-stm32.10.3-2021.10.macos64_1.0.100.202210260954/tools/bin/../lib/gcc/arm-none-eabi/10.3.1/../../../../arm-none-eabi/lib/thumb/v7-m/nofp/libc_nano.a(lib_a-memset.o)
 .debug_frame   0x0000000000003d50       0x38 /Applications/STM32CubeIDE.app/Contents/Eclipse/plugins/com.st.stm32cube.ide.mcu.externaltools.gnu-tools-for-stm32.10.3-2021.10.macos64_1.0.100.202210260954/tools/bin/../lib/gcc/arm-none-eabi/10.3.1/../../../../arm-none-eabi/lib/thumb/v7-m/nofp/libm.a(lib_a-s_atan.o)
 .debug_frame   0x0000000000003d88       0x20 /Applications/STM32CubeIDE.app/Contents/Eclipse/plugins/com.st.stm32cube.ide.mcu.externaltools.gnu-tools-for-stm32.10.3-2021.10.macos64_1.0.100.202210260954/tools/bin/../lib/gcc/arm-none-eabi/10.3.1/../../../../arm-none-eabi/lib/thumb/v7-m/nofp/libm.a(lib_a-s_fabs.o)
 .debug_frame   0x0000000000003da8       0x20 /Applications/STM32CubeIDE.app/Contents/Eclipse/plugins/com.st.stm32cube.ide.mcu.externaltools.gnu-tools-for-stm32.10.3-2021.10.macos64_1.0.100.202210260954/tools/bin/../lib/gcc/arm-none-eabi/10.3.1/../../../../arm-none-eabi/lib/thumb/v7-m/nofp/libm.a(lib_a-w_atan2.o)
 .debug_frame   0x0000000000003dc8       0x30 /Applications/STM32CubeIDE.app/Contents/Eclipse/plugins/com.st.stm32cube.ide.mcu.externaltools.gnu-tools-for-stm32.10.3-2021.10.macos64_1.0.100.202210260954/tools/bin/../lib/gcc/arm-none-eabi/10.3.1/../../../../arm-none-eabi/lib/thumb/v7-m/nofp/libm.a(lib_a-w_sqrt.o)
 .debug_frame   0x0000000000003df8       0x48 /Applications/STM32CubeIDE.app/Contents/Eclipse/plugins/com.st.stm32cube.ide.mcu.externaltools.gnu-tools-for-stm32.10.3-2021.10.macos64_1.0.100.202210260954/tools/bin/../lib/gcc/arm-none-eabi/10.3.1/../../../../arm-none-eabi/lib/thumb/v7-m/nofp/libm.a(lib_a-e_atan2.o)
 .debug_frame   0x0000000000003e40       0x30 /Applications/STM32CubeIDE.app/Contents/Eclipse/plugins/com.st.stm32cube.ide.mcu.externaltools.gnu-tools-for-stm32.10.3-2021.10.macos64_1.0.100.202210260954/tools/bin/../lib/gcc/arm-none-eabi/10.3.1/../../../../arm-none-eabi/lib/thumb/v7-m/nofp/libm.a(lib_a-e_sqrt.o)
 .debug_frame   0x0000000000003e70       0xac /Applications/STM32CubeIDE.app/Contents/Eclipse/plugins/com.st.stm32cube.ide.mcu.externaltools.gnu-tools-for-stm32.10.3-2021.10.macos64_1.0.100.202210260954/tools/bin/../lib/gcc/arm-none-eabi/10.3.1/thumb/v7-m/nofp/libgcc.a(_arm_addsubdf3.o)
 .debug_frame   0x0000000000003f1c       0x50 /Applications/STM32CubeIDE.app/Contents/Eclipse/plugins/com.st.stm32cube.ide.mcu.externaltools.gnu-tools-for-stm32.10.3-2021.10.macos64_1.0.100.202210260954/tools/bin/../lib/gcc/arm-none-eabi/10.3.1/thumb/v7-m/nofp/libgcc.a(_arm_muldivdf3.o)
 .debug_frame   0x0000000000003f6c       0xc4 /Applications/STM32CubeIDE.app/Contents/Eclipse/plugins/com.st.stm32cube.ide.mcu.externaltools.gnu-tools-for-stm32.10.3-2021.10.macos64_1.0.100.202210260954/tools/bin/../lib/gcc/arm-none-eabi/10.3.1/thumb/v7-m/nofp/libgcc.a(_arm_cmpdf2.o)
 .debug_frame   0x0000000000004030       0x20 /Applications/STM32CubeIDE.app/Contents/Eclipse/plugins/com.st.stm32cube.ide.mcu.externaltools.gnu-tools-for-stm32.10.3-2021.10.macos64_1.0.100.202210260954/tools/bin/../lib/gcc/arm-none-eabi/10.3.1/thumb/v7-m/nofp/libgcc.a(_arm_unorddf2.o)
 .debug_frame   0x0000000000004050       0x24 /Applications/STM32CubeIDE.app/Contents/Eclipse/plugins/com.st.stm32cube.ide.mcu.externaltools.gnu-tools-for-stm32.10.3-2021.10.macos64_1.0.100.202210260954/tools/bin/../lib/gcc/arm-none-eabi/10.3.1/thumb/v7-m/nofp/libgcc.a(_arm_truncdfsf2.o)
 .debug_frame   0x0000000000004074       0x4c /Applications/STM32CubeIDE.app/Contents/Eclipse/plugins/com.st.stm32cube.ide.mcu.externaltools.gnu-tools-for-stm32.10.3-2021.10.macos64_1.0.100.202210260954/tools/bin/../lib/gcc/arm-none-eabi/10.3.1/thumb/v7-m/nofp/libgcc.a(_arm_addsubsf3.o)
 .debug_frame   0x00000000000040c0       0x38 /Applications/STM32CubeIDE.app/Contents/Eclipse/plugins/com.st.stm32cube.ide.mcu.externaltools.gnu-tools-for-stm32.10.3-2021.10.macos64_1.0.100.202210260954/tools/bin/../lib/gcc/arm-none-eabi/10.3.1/thumb/v7-m/nofp/libgcc.a(_arm_muldivsf3.o)
 .debug_frame   0x00000000000040f8       0x24 /Applications/STM32CubeIDE.app/Contents/Eclipse/plugins/com.st.stm32cube.ide.mcu.externaltools.gnu-tools-for-stm32.10.3-2021.10.macos64_1.0.100.202210260954/tools/bin/../lib/gcc/arm-none-eabi/10.3.1/thumb/v7-m/nofp/libgcc.a(_arm_fixunssfsi.o)
