../Core/Src/main.c:132:10:PID	24	static
../Core/Src/main.c:153:5:micros	24	static
../Core/Src/main.c:167:6:HAL_GPIO_EXTI_Callback	16	static
../Core/Src/main.c:175:6:HAL_TIM_PeriodElapsedCallback	16	static
../Core/Src/main.c:187:6:HAL_CAN_RxFifo0MsgPendingCallback	16	static
../Core/Src/main.c:204:5:main	8	static
../Core/Src/main.c:310:6:SystemClock_Config	72	static
../Core/Src/main.c:350:13:MX_CAN_Init	48	static
../Core/Src/main.c:398:13:MX_I2C1_Init	8	static
../Core/Src/main.c:432:13:MX_TIM1_Init	96	static
../Core/Src/main.c:507:13:MX_TIM2_Init	32	static
../Core/Src/main.c:552:13:MX_GPIO_Init	40	static
../Core/Src/main.c:602:6:Error_Handler	4	static,ignoring_inline_asm
